Archive member included to satisfy reference by file (symbol)

c:/st/stm32cubeide_1.12.1/stm32cubeide/plugins/com.st.stm32cube.ide.mcu.externaltools.gnu-tools-for-stm32.10.3-2021.10.win32_1.0.200.202301161003/tools/bin/../lib/gcc/arm-none-eabi/10.3.1/../../../../arm-none-eabi/lib/thumb/v7e-m+fp/hard\libc_nano.a(lib_a-errno.o)
                              ./Core/Src/syscalls.o (__errno)
c:/st/stm32cubeide_1.12.1/stm32cubeide/plugins/com.st.stm32cube.ide.mcu.externaltools.gnu-tools-for-stm32.10.3-2021.10.win32_1.0.200.202301161003/tools/bin/../lib/gcc/arm-none-eabi/10.3.1/../../../../arm-none-eabi/lib/thumb/v7e-m+fp/hard\libc_nano.a(lib_a-exit.o)
                              c:/st/stm32cubeide_1.12.1/stm32cubeide/plugins/com.st.stm32cube.ide.mcu.externaltools.gnu-tools-for-stm32.10.3-2021.10.win32_1.0.200.202301161003/tools/bin/../lib/gcc/arm-none-eabi/10.3.1/../../../../arm-none-eabi/lib/thumb/v7e-m+fp/hard/crt0.o (exit)
c:/st/stm32cubeide_1.12.1/stm32cubeide/plugins/com.st.stm32cube.ide.mcu.externaltools.gnu-tools-for-stm32.10.3-2021.10.win32_1.0.200.202301161003/tools/bin/../lib/gcc/arm-none-eabi/10.3.1/../../../../arm-none-eabi/lib/thumb/v7e-m+fp/hard\libc_nano.a(lib_a-impure.o)
                              c:/st/stm32cubeide_1.12.1/stm32cubeide/plugins/com.st.stm32cube.ide.mcu.externaltools.gnu-tools-for-stm32.10.3-2021.10.win32_1.0.200.202301161003/tools/bin/../lib/gcc/arm-none-eabi/10.3.1/../../../../arm-none-eabi/lib/thumb/v7e-m+fp/hard\libc_nano.a(lib_a-exit.o) (_global_impure_ptr)
c:/st/stm32cubeide_1.12.1/stm32cubeide/plugins/com.st.stm32cube.ide.mcu.externaltools.gnu-tools-for-stm32.10.3-2021.10.win32_1.0.200.202301161003/tools/bin/../lib/gcc/arm-none-eabi/10.3.1/../../../../arm-none-eabi/lib/thumb/v7e-m+fp/hard\libc_nano.a(lib_a-init.o)
                              c:/st/stm32cubeide_1.12.1/stm32cubeide/plugins/com.st.stm32cube.ide.mcu.externaltools.gnu-tools-for-stm32.10.3-2021.10.win32_1.0.200.202301161003/tools/bin/../lib/gcc/arm-none-eabi/10.3.1/../../../../arm-none-eabi/lib/thumb/v7e-m+fp/hard/crt0.o (__libc_init_array)
c:/st/stm32cubeide_1.12.1/stm32cubeide/plugins/com.st.stm32cube.ide.mcu.externaltools.gnu-tools-for-stm32.10.3-2021.10.win32_1.0.200.202301161003/tools/bin/../lib/gcc/arm-none-eabi/10.3.1/../../../../arm-none-eabi/lib/thumb/v7e-m+fp/hard\libc_nano.a(lib_a-memcpy-stub.o)
                              ./Core/Src/max17261.o (memcpy)
c:/st/stm32cubeide_1.12.1/stm32cubeide/plugins/com.st.stm32cube.ide.mcu.externaltools.gnu-tools-for-stm32.10.3-2021.10.win32_1.0.200.202301161003/tools/bin/../lib/gcc/arm-none-eabi/10.3.1/../../../../arm-none-eabi/lib/thumb/v7e-m+fp/hard\libc_nano.a(lib_a-memset.o)
                              c:/st/stm32cubeide_1.12.1/stm32cubeide/plugins/com.st.stm32cube.ide.mcu.externaltools.gnu-tools-for-stm32.10.3-2021.10.win32_1.0.200.202301161003/tools/bin/../lib/gcc/arm-none-eabi/10.3.1/../../../../arm-none-eabi/lib/thumb/v7e-m+fp/hard/crt0.o (memset)
c:/st/stm32cubeide_1.12.1/stm32cubeide/plugins/com.st.stm32cube.ide.mcu.externaltools.gnu-tools-for-stm32.10.3-2021.10.win32_1.0.200.202301161003/tools/bin/../lib/gcc/arm-none-eabi/10.3.1/../../../../arm-none-eabi/lib/thumb/v7e-m+fp/hard\libc_nano.a(lib_a-strcmp.o)
                              ./nanopb/pb_decode.o (strcmp)
c:/st/stm32cubeide_1.12.1/stm32cubeide/plugins/com.st.stm32cube.ide.mcu.externaltools.gnu-tools-for-stm32.10.3-2021.10.win32_1.0.200.202301161003/tools/bin/../lib/gcc/arm-none-eabi/10.3.1/thumb/v7e-m+fp/hard\libgcc.a(_aeabi_ldivmod.o)
                              ./Drivers/STM32F4xx_HAL_Driver/Src/stm32f4xx_hal_rcc.o (__aeabi_ldivmod)
c:/st/stm32cubeide_1.12.1/stm32cubeide/plugins/com.st.stm32cube.ide.mcu.externaltools.gnu-tools-for-stm32.10.3-2021.10.win32_1.0.200.202301161003/tools/bin/../lib/gcc/arm-none-eabi/10.3.1/thumb/v7e-m+fp/hard\libgcc.a(_aeabi_uldivmod.o)
                              ./Drivers/STM32F4xx_HAL_Driver/Src/stm32f4xx_hal_rcc.o (__aeabi_uldivmod)
c:/st/stm32cubeide_1.12.1/stm32cubeide/plugins/com.st.stm32cube.ide.mcu.externaltools.gnu-tools-for-stm32.10.3-2021.10.win32_1.0.200.202301161003/tools/bin/../lib/gcc/arm-none-eabi/10.3.1/thumb/v7e-m+fp/hard\libgcc.a(_udivmoddi4.o)
                              c:/st/stm32cubeide_1.12.1/stm32cubeide/plugins/com.st.stm32cube.ide.mcu.externaltools.gnu-tools-for-stm32.10.3-2021.10.win32_1.0.200.202301161003/tools/bin/../lib/gcc/arm-none-eabi/10.3.1/thumb/v7e-m+fp/hard\libgcc.a(_aeabi_ldivmod.o) (__udivmoddi4)
c:/st/stm32cubeide_1.12.1/stm32cubeide/plugins/com.st.stm32cube.ide.mcu.externaltools.gnu-tools-for-stm32.10.3-2021.10.win32_1.0.200.202301161003/tools/bin/../lib/gcc/arm-none-eabi/10.3.1/thumb/v7e-m+fp/hard\libgcc.a(_dvmd_tls.o)
                              c:/st/stm32cubeide_1.12.1/stm32cubeide/plugins/com.st.stm32cube.ide.mcu.externaltools.gnu-tools-for-stm32.10.3-2021.10.win32_1.0.200.202301161003/tools/bin/../lib/gcc/arm-none-eabi/10.3.1/thumb/v7e-m+fp/hard\libgcc.a(_aeabi_ldivmod.o) (__aeabi_ldiv0)

[...]
Memory Configuration

Name             Origin             Length             Attributes
RAM              0x0000000020000000 0x0000000000018000 xrw
FLASH            0x0000000008000000 0x0000000000080000 xr
*default*        0x0000000000000000 0xffffffffffffffff

Linker script and memory map

LOAD c:/st/stm32cubeide_1.12.1/stm32cubeide/plugins/com.st.stm32cube.ide.mcu.externaltools.gnu-tools-for-stm32.10.3-2021.10.win32_1.0.200.202301161003/tools/bin/../lib/gcc/arm-none-eabi/10.3.1/thumb/v7e-m+fp/hard/crti.o
LOAD c:/st/stm32cubeide_1.12.1/stm32cubeide/plugins/com.st.stm32cube.ide.mcu.externaltools.gnu-tools-for-stm32.10.3-2021.10.win32_1.0.200.202301161003/tools/bin/../lib/gcc/arm-none-eabi/10.3.1/thumb/v7e-m+fp/hard/crtbegin.o
LOAD c:/st/stm32cubeide_1.12.1/stm32cubeide/plugins/com.st.stm32cube.ide.mcu.externaltools.gnu-tools-for-stm32.10.3-2021.10.win32_1.0.200.202301161003/tools/bin/../lib/gcc/arm-none-eabi/10.3.1/../../../../arm-none-eabi/lib/thumb/v7e-m+fp/hard/crt0.o
LOAD ./Core/Src/i2c_slave.o
LOAD ./Core/Src/i2c_spi_periphs_control.o
LOAD ./Core/Src/main.o
LOAD ./Core/Src/max17261.o
LOAD ./Core/Src/mcp2515.o
LOAD ./Core/Src/pca9555.o
LOAD ./Core/Src/spi_slave.o
LOAD ./Core/Src/stm32f4xx_hal_msp.o
LOAD ./Core/Src/stm32f4xx_it.o
LOAD ./Core/Src/syscalls.o
LOAD ./Core/Src/sysmem.o
LOAD ./Core/Src/system_stm32f4xx.o
LOAD ./Core/Src/uart.o
LOAD ./Core/Src/uart_control.o
LOAD ./Core/Startup/startup_stm32f401retx.o
LOAD ./Drivers/STM32F4xx_HAL_Driver/Src/stm32f4xx_hal.o
LOAD ./Drivers/STM32F4xx_HAL_Driver/Src/stm32f4xx_hal_cortex.o
LOAD ./Drivers/STM32F4xx_HAL_Driver/Src/stm32f4xx_hal_dma.o
LOAD ./Drivers/STM32F4xx_HAL_Driver/Src/stm32f4xx_hal_dma_ex.o
LOAD ./Drivers/STM32F4xx_HAL_Driver/Src/stm32f4xx_hal_exti.o
LOAD ./Drivers/STM32F4xx_HAL_Driver/Src/stm32f4xx_hal_flash.o
LOAD ./Drivers/STM32F4xx_HAL_Driver/Src/stm32f4xx_hal_flash_ex.o
LOAD ./Drivers/STM32F4xx_HAL_Driver/Src/stm32f4xx_hal_flash_ramfunc.o
LOAD ./Drivers/STM32F4xx_HAL_Driver/Src/stm32f4xx_hal_gpio.o
LOAD ./Drivers/STM32F4xx_HAL_Driver/Src/stm32f4xx_hal_i2c.o
LOAD ./Drivers/STM32F4xx_HAL_Driver/Src/stm32f4xx_hal_i2c_ex.o
LOAD ./Drivers/STM32F4xx_HAL_Driver/Src/stm32f4xx_hal_pwr.o
LOAD ./Drivers/STM32F4xx_HAL_Driver/Src/stm32f4xx_hal_pwr_ex.o
LOAD ./Drivers/STM32F4xx_HAL_Driver/Src/stm32f4xx_hal_rcc.o
LOAD ./Drivers/STM32F4xx_HAL_Driver/Src/stm32f4xx_hal_rcc_ex.o
LOAD ./Drivers/STM32F4xx_HAL_Driver/Src/stm32f4xx_hal_tim.o
LOAD ./Drivers/STM32F4xx_HAL_Driver/Src/stm32f4xx_hal_tim_ex.o
LOAD ./Drivers/STM32F4xx_HAL_Driver/Src/stm32f4xx_hal_uart.o
LOAD ./Drivers/STM32F4xx_HAL_Driver/Src/stm32f4xx_ll_dma.o
LOAD ./Drivers/STM32F4xx_HAL_Driver/Src/stm32f4xx_ll_exti.o
LOAD ./Drivers/STM32F4xx_HAL_Driver/Src/stm32f4xx_ll_gpio.o
LOAD ./Drivers/STM32F4xx_HAL_Driver/Src/stm32f4xx_ll_rcc.o
LOAD ./Drivers/STM32F4xx_HAL_Driver/Src/stm32f4xx_ll_spi.o
LOAD ./Drivers/STM32F4xx_HAL_Driver/Src/stm32f4xx_ll_utils.o
LOAD ./nanopb/pb_common.o
LOAD ./nanopb/pb_decode.o
LOAD ./nanopb/pb_encode.o
LOAD ./nanopb/spm-test/objc/c-header.o
LOAD ./proto/message.pb.o
START GROUP
LOAD c:/st/stm32cubeide_1.12.1/stm32cubeide/plugins/com.st.stm32cube.ide.mcu.externaltools.gnu-tools-for-stm32.10.3-2021.10.win32_1.0.200.202301161003/tools/bin/../lib/gcc/arm-none-eabi/10.3.1/../../../../arm-none-eabi/lib/thumb/v7e-m+fp/hard\libc_nano.a
LOAD c:/st/stm32cubeide_1.12.1/stm32cubeide/plugins/com.st.stm32cube.ide.mcu.externaltools.gnu-tools-for-stm32.10.3-2021.10.win32_1.0.200.202301161003/tools/bin/../lib/gcc/arm-none-eabi/10.3.1/../../../../arm-none-eabi/lib/thumb/v7e-m+fp/hard\libm.a
END GROUP
START GROUP
LOAD c:/st/stm32cubeide_1.12.1/stm32cubeide/plugins/com.st.stm32cube.ide.mcu.externaltools.gnu-tools-for-stm32.10.3-2021.10.win32_1.0.200.202301161003/tools/bin/../lib/gcc/arm-none-eabi/10.3.1/thumb/v7e-m+fp/hard\libgcc.a
LOAD c:/st/stm32cubeide_1.12.1/stm32cubeide/plugins/com.st.stm32cube.ide.mcu.externaltools.gnu-tools-for-stm32.10.3-2021.10.win32_1.0.200.202301161003/tools/bin/../lib/gcc/arm-none-eabi/10.3.1/../../../../arm-none-eabi/lib/thumb/v7e-m+fp/hard\libc_nano.a
END GROUP
START GROUP
LOAD c:/st/stm32cubeide_1.12.1/stm32cubeide/plugins/com.st.stm32cube.ide.mcu.externaltools.gnu-tools-for-stm32.10.3-2021.10.win32_1.0.200.202301161003/tools/bin/../lib/gcc/arm-none-eabi/10.3.1/thumb/v7e-m+fp/hard\libgcc.a
LOAD c:/st/stm32cubeide_1.12.1/stm32cubeide/plugins/com.st.stm32cube.ide.mcu.externaltools.gnu-tools-for-stm32.10.3-2021.10.win32_1.0.200.202301161003/tools/bin/../lib/gcc/arm-none-eabi/10.3.1/../../../../arm-none-eabi/lib/thumb/v7e-m+fp/hard\libc_nano.a
LOAD c:/st/stm32cubeide_1.12.1/stm32cubeide/plugins/com.st.stm32cube.ide.mcu.externaltools.gnu-tools-for-stm32.10.3-2021.10.win32_1.0.200.202301161003/tools/bin/../lib/gcc/arm-none-eabi/10.3.1/../../../../arm-none-eabi/lib/thumb/v7e-m+fp/hard\libnosys.a
END GROUP
START GROUP
LOAD c:/st/stm32cubeide_1.12.1/stm32cubeide/plugins/com.st.stm32cube.ide.mcu.externaltools.gnu-tools-for-stm32.10.3-2021.10.win32_1.0.200.202301161003/tools/bin/../lib/gcc/arm-none-eabi/10.3.1/thumb/v7e-m+fp/hard\libgcc.a
LOAD c:/st/stm32cubeide_1.12.1/stm32cubeide/plugins/com.st.stm32cube.ide.mcu.externaltools.gnu-tools-for-stm32.10.3-2021.10.win32_1.0.200.202301161003/tools/bin/../lib/gcc/arm-none-eabi/10.3.1/../../../../arm-none-eabi/lib/thumb/v7e-m+fp/hard\libc_nano.a
LOAD c:/st/stm32cubeide_1.12.1/stm32cubeide/plugins/com.st.stm32cube.ide.mcu.externaltools.gnu-tools-for-stm32.10.3-2021.10.win32_1.0.200.202301161003/tools/bin/../lib/gcc/arm-none-eabi/10.3.1/../../../../arm-none-eabi/lib/thumb/v7e-m+fp/hard\libnosys.a
END GROUP
LOAD c:/st/stm32cubeide_1.12.1/stm32cubeide/plugins/com.st.stm32cube.ide.mcu.externaltools.gnu-tools-for-stm32.10.3-2021.10.win32_1.0.200.202301161003/tools/bin/../lib/gcc/arm-none-eabi/10.3.1/thumb/v7e-m+fp/hard/crtend.o
LOAD c:/st/stm32cubeide_1.12.1/stm32cubeide/plugins/com.st.stm32cube.ide.mcu.externaltools.gnu-tools-for-stm32.10.3-2021.10.win32_1.0.200.202301161003/tools/bin/../lib/gcc/arm-none-eabi/10.3.1/thumb/v7e-m+fp/hard/crtn.o
                0x0000000020018000                _estack = (ORIGIN (RAM) + LENGTH (RAM))
                0x0000000000000200                _Min_Heap_Size = 0x200
                0x0000000000000400                _Min_Stack_Size = 0x400

.isr_vector     0x0000000008000000      0x194
                0x0000000008000000                . = ALIGN (0x4)
 *(.isr_vector)
 .isr_vector    0x0000000008000000      0x194 ./Core/Startup/startup_stm32f401retx.o
                0x0000000008000000                g_pfnVectors
                0x0000000008000194                . = ALIGN (0x4)

.text           0x0000000008000194     0x3584
                0x0000000008000194                . = ALIGN (0x4)
 *(.text)
 .text          0x0000000008000194       0x40 c:/st/stm32cubeide_1.12.1/stm32cubeide/plugins/com.st.stm32cube.ide.mcu.externaltools.gnu-tools-for-stm32.10.3-2021.10.win32_1.0.200.202301161003/tools/bin/../lib/gcc/arm-none-eabi/10.3.1/thumb/v7e-m+fp/hard/crtbegin.o
 .text          0x00000000080001d4       0x30 c:/st/stm32cubeide_1.12.1/stm32cubeide/plugins/com.st.stm32cube.ide.mcu.externaltools.gnu-tools-for-stm32.10.3-2021.10.win32_1.0.200.202301161003/tools/bin/../lib/gcc/arm-none-eabi/10.3.1/thumb/v7e-m+fp/hard\libgcc.a(_aeabi_uldivmod.o)
                0x00000000080001d4                __aeabi_uldivmod
 .text          0x0000000008000204      0x2d0 c:/st/stm32cubeide_1.12.1/stm32cubeide/plugins/com.st.stm32cube.ide.mcu.externaltools.gnu-tools-for-stm32.10.3-2021.10.win32_1.0.200.202301161003/tools/bin/../lib/gcc/arm-none-eabi/10.3.1/thumb/v7e-m+fp/hard\libgcc.a(_udivmoddi4.o)
                0x0000000008000204                __udivmoddi4
 .text          0x00000000080004d4        0x4 c:/st/stm32cubeide_1.12.1/stm32cubeide/plugins/com.st.stm32cube.ide.mcu.externaltools.gnu-tools-for-stm32.10.3-2021.10.win32_1.0.200.202301161003/tools/bin/../lib/gcc/arm-none-eabi/10.3.1/thumb/v7e-m+fp/hard\libgcc.a(_dvmd_tls.o)
                0x00000000080004d4                __aeabi_idiv0
                0x00000000080004d4                __aeabi_ldiv0
 *(.text*)
 .text.i2c_init
                0x00000000080004d8       0x90 ./Core/Src/i2c_slave.o
                0x00000000080004d8                i2c_init
 .text.HAL_I2C_ListenCpltCallback
                0x0000000008000568       0x2c ./Core/Src/i2c_slave.o
                0x0000000008000568                HAL_I2C_ListenCpltCallback
 .text.HAL_I2C_AddrCallback
                0x0000000008000594       0x48 ./Core/Src/i2c_slave.o
                0x0000000008000594                HAL_I2C_AddrCallback
 .text.HAL_I2C_SlaveRxCpltCallback
                0x00000000080005dc        0x4 ./Core/Src/i2c_slave.o
                0x00000000080005dc                HAL_I2C_SlaveRxCpltCallback
 .text.HAL_I2C_SlaveTxCpltCallback
                0x00000000080005e0       0x24 ./Core/Src/i2c_slave.o
                0x00000000080005e0                HAL_I2C_SlaveTxCpltCallback
 .text.HAL_I2C_ErrorCallback
                0x0000000008000604        0x4 ./Core/Src/i2c_slave.o
                0x0000000008000604                HAL_I2C_ErrorCallback
 .text.SystemClock_Config
                0x0000000008000608       0xa4 ./Core/Src/main.o
                0x0000000008000608                SystemClock_Config
 .text.startup.main
                0x00000000080006ac      0x2a4 ./Core/Src/main.o
                0x00000000080006ac                main
 .text.max17261_process_received_data
                0x0000000008000950       0x70 ./Core/Src/max17261.o
                0x0000000008000950                max17261_process_received_data
 .text.max17261_process_address
                0x00000000080009c0       0x34 ./Core/Src/max17261.o
                0x00000000080009c0                max17261_process_address
 .text.max17261_init_reg_map
                0x00000000080009f4       0x5c ./Core/Src/max17261.o
                0x00000000080009f4                max17261_init_reg_map
 .text.max17261_init
                0x0000000008000a50       0x58 ./Core/Src/max17261.o
                0x0000000008000a50                max17261_init
 .text.pca9555_process_received_data
                0x0000000008000aa8       0x5c ./Core/Src/pca9555.o
                0x0000000008000aa8                pca9555_process_received_data
 .text.pca9555_process_address
                0x0000000008000b04       0x34 ./Core/Src/pca9555.o
                0x0000000008000b04                pca9555_process_address
 .text.pca9555_init_reg_map
                0x0000000008000b38       0x3c ./Core/Src/pca9555.o
                0x0000000008000b38                pca9555_init_reg_map
 .text.pca9555_init
                0x0000000008000b74       0x4c ./Core/Src/pca9555.o
                0x0000000008000b74                pca9555_init
 .text.spi2_rx_cb
                0x0000000008000bc0       0x6c ./Core/Src/spi_slave.o
                0x0000000008000bc0                spi2_rx_cb
 .text.spi2_tx_cb
                0x0000000008000c2c       0x5c ./Core/Src/spi_slave.o
                0x0000000008000c2c                spi2_tx_cb
 .text.spi2_transfererror_cb
                0x0000000008000c88        0x4 ./Core/Src/spi_slave.o
                0x0000000008000c88                spi2_transfererror_cb
 .text.HAL_TIM_PeriodElapsedCallback
                0x0000000008000c8c       0x58 ./Core/Src/spi_slave.o
                0x0000000008000c8c                HAL_TIM_PeriodElapsedCallback
 .text.HAL_MspInit
                0x0000000008000ce4       0x3c ./Core/Src/stm32f4xx_hal_msp.o
                0x0000000008000ce4                HAL_MspInit
 .text.HAL_I2C_MspInit
                0x0000000008000d20       0x94 ./Core/Src/stm32f4xx_hal_msp.o
                0x0000000008000d20                HAL_I2C_MspInit
 .text.HAL_TIM_Base_MspInit
                0x0000000008000db4       0x40 ./Core/Src/stm32f4xx_hal_msp.o
                0x0000000008000db4                HAL_TIM_Base_MspInit
 .text.HAL_UART_MspInit
                0x0000000008000df4       0xd0 ./Core/Src/stm32f4xx_hal_msp.o
                0x0000000008000df4                HAL_UART_MspInit
 .text.NMI_Handler
                0x0000000008000ec4        0x4 ./Core/Src/stm32f4xx_it.o
                0x0000000008000ec4                NMI_Handler
 .text.HardFault_Handler
                0x0000000008000ec8        0x4 ./Core/Src/stm32f4xx_it.o
                0x0000000008000ec8                HardFault_Handler
 .text.MemManage_Handler
                0x0000000008000ecc        0x4 ./Core/Src/stm32f4xx_it.o
                0x0000000008000ecc                MemManage_Handler
 .text.BusFault_Handler
                0x0000000008000ed0        0x4 ./Core/Src/stm32f4xx_it.o
                0x0000000008000ed0                BusFault_Handler
 .text.UsageFault_Handler
                0x0000000008000ed4        0x4 ./Core/Src/stm32f4xx_it.o
                0x0000000008000ed4                UsageFault_Handler
 .text.SVC_Handler
                0x0000000008000ed8        0x4 ./Core/Src/stm32f4xx_it.o
                0x0000000008000ed8                SVC_Handler
 .text.DebugMon_Handler
                0x0000000008000edc        0x4 ./Core/Src/stm32f4xx_it.o
                0x0000000008000edc                DebugMon_Handler
 .text.PendSV_Handler
                0x0000000008000ee0        0x4 ./Core/Src/stm32f4xx_it.o
                0x0000000008000ee0                PendSV_Handler
 .text.SysTick_Handler
                0x0000000008000ee4        0x4 ./Core/Src/stm32f4xx_it.o
                0x0000000008000ee4                SysTick_Handler
 .text.TIM3_IRQHandler
                0x0000000008000ee8        0xc ./Core/Src/stm32f4xx_it.o
                0x0000000008000ee8                TIM3_IRQHandler
 .text.I2C1_EV_IRQHandler
                0x0000000008000ef4        0xc ./Core/Src/stm32f4xx_it.o
                0x0000000008000ef4                I2C1_EV_IRQHandler
 .text.I2C1_ER_IRQHandler
                0x0000000008000f00        0xc ./Core/Src/stm32f4xx_it.o
                0x0000000008000f00                I2C1_ER_IRQHandler
 .text.SPI2_IRQHandler
                0x0000000008000f0c       0x28 ./Core/Src/stm32f4xx_it.o
                0x0000000008000f0c                SPI2_IRQHandler
 .text.USART1_IRQHandler
                0x0000000008000f34        0xc ./Core/Src/stm32f4xx_it.o
                0x0000000008000f34                USART1_IRQHandler
 .text.SystemInit
                0x0000000008000f40       0x14 ./Core/Src/system_stm32f4xx.o
                0x0000000008000f40                SystemInit
 .text.HAL_UART_RxCpltCallback
                0x0000000008000f54       0x2c ./Core/Src/uart.o
                0x0000000008000f54                HAL_UART_RxCpltCallback
 .text.Reset_Handler
                0x0000000008000f80       0x50 ./Core/Startup/startup_stm32f401retx.o
                0x0000000008000f80                Reset_Handler
 .text.Default_Handler
                0x0000000008000fd0        0x2 ./Core/Startup/startup_stm32f401retx.o
                0x0000000008000fd0                RTC_Alarm_IRQHandler
                0x0000000008000fd0                EXTI2_IRQHandler
                0x0000000008000fd0                SPI4_IRQHandler
                0x0000000008000fd0                TIM1_CC_IRQHandler
                0x0000000008000fd0                DMA2_Stream5_IRQHandler
                0x0000000008000fd0                DMA1_Stream5_IRQHandler
                0x0000000008000fd0                PVD_IRQHandler
                0x0000000008000fd0                SDIO_IRQHandler
                0x0000000008000fd0                TAMP_STAMP_IRQHandler
                0x0000000008000fd0                EXTI3_IRQHandler
                0x0000000008000fd0                TIM1_UP_TIM10_IRQHandler
                0x0000000008000fd0                I2C3_ER_IRQHandler
                0x0000000008000fd0                EXTI0_IRQHandler
                0x0000000008000fd0                I2C2_EV_IRQHandler
                0x0000000008000fd0                DMA1_Stream2_IRQHandler
                0x0000000008000fd0                FPU_IRQHandler
                0x0000000008000fd0                DMA2_Stream2_IRQHandler
                0x0000000008000fd0                SPI1_IRQHandler
                0x0000000008000fd0                TIM1_BRK_TIM9_IRQHandler
                0x0000000008000fd0                DMA2_Stream3_IRQHandler
                0x0000000008000fd0                USART6_IRQHandler
                0x0000000008000fd0                DMA2_Stream0_IRQHandler
                0x0000000008000fd0                TIM4_IRQHandler
                0x0000000008000fd0                DMA1_Stream6_IRQHandler
                0x0000000008000fd0                DMA1_Stream1_IRQHandler
                0x0000000008000fd0                RCC_IRQHandler
                0x0000000008000fd0                Default_Handler
                0x0000000008000fd0                EXTI15_10_IRQHandler
                0x0000000008000fd0                ADC_IRQHandler
                0x0000000008000fd0                DMA1_Stream7_IRQHandler
                0x0000000008000fd0                TIM5_IRQHandler
                0x0000000008000fd0                DMA2_Stream7_IRQHandler
                0x0000000008000fd0                I2C3_EV_IRQHandler
                0x0000000008000fd0                EXTI9_5_IRQHandler
                0x0000000008000fd0                RTC_WKUP_IRQHandler
                0x0000000008000fd0                DMA1_Stream0_IRQHandler
                0x0000000008000fd0                EXTI4_IRQHandler
                0x0000000008000fd0                WWDG_IRQHandler
                0x0000000008000fd0                TIM2_IRQHandler
                0x0000000008000fd0                OTG_FS_WKUP_IRQHandler
                0x0000000008000fd0                TIM1_TRG_COM_TIM11_IRQHandler
                0x0000000008000fd0                EXTI1_IRQHandler
                0x0000000008000fd0                USART2_IRQHandler
                0x0000000008000fd0                I2C2_ER_IRQHandler
                0x0000000008000fd0                DMA2_Stream1_IRQHandler
                0x0000000008000fd0                FLASH_IRQHandler
                0x0000000008000fd0                DMA2_Stream4_IRQHandler
                0x0000000008000fd0                OTG_FS_IRQHandler
                0x0000000008000fd0                SPI3_IRQHandler
                0x0000000008000fd0                DMA1_Stream4_IRQHandler
                0x0000000008000fd0                DMA2_Stream6_IRQHandler
                0x0000000008000fd0                DMA1_Stream3_IRQHandler
 *fill*         0x0000000008000fd2        0x2 
 .text.HAL_InitTick
                0x0000000008000fd4       0x48 ./Drivers/STM32F4xx_HAL_Driver/Src/stm32f4xx_hal.o
                0x0000000008000fd4                HAL_InitTick
 .text.HAL_Init
                0x000000000800101c       0x34 ./Drivers/STM32F4xx_HAL_Driver/Src/stm32f4xx_hal.o
                0x000000000800101c                HAL_Init
 .text.HAL_IncTick
                0x0000000008001050       0x18 ./Drivers/STM32F4xx_HAL_Driver/Src/stm32f4xx_hal.o
                0x0000000008001050                HAL_IncTick
 .text.HAL_GetTick
                0x0000000008001068        0xc ./Drivers/STM32F4xx_HAL_Driver/Src/stm32f4xx_hal.o
                0x0000000008001068                HAL_GetTick
 .text.HAL_NVIC_SetPriorityGrouping
                0x0000000008001074       0x24 ./Drivers/STM32F4xx_HAL_Driver/Src/stm32f4xx_hal_cortex.o
                0x0000000008001074                HAL_NVIC_SetPriorityGrouping
 .text.HAL_NVIC_SetPriority
                0x0000000008001098       0x7c ./Drivers/STM32F4xx_HAL_Driver/Src/stm32f4xx_hal_cortex.o
                0x0000000008001098                HAL_NVIC_SetPriority
 .text.HAL_NVIC_EnableIRQ
                0x0000000008001114       0x1c ./Drivers/STM32F4xx_HAL_Driver/Src/stm32f4xx_hal_cortex.o
                0x0000000008001114                HAL_NVIC_EnableIRQ
 .text.HAL_SYSTICK_Config
                0x0000000008001130       0x34 ./Drivers/STM32F4xx_HAL_Driver/Src/stm32f4xx_hal_cortex.o
                0x0000000008001130                HAL_SYSTICK_Config
 .text.HAL_DMA_Abort
                0x0000000008001164       0x90 ./Drivers/STM32F4xx_HAL_Driver/Src/stm32f4xx_hal_dma.o
                0x0000000008001164                HAL_DMA_Abort
 .text.HAL_DMA_Abort_IT
                0x00000000080011f4       0x24 ./Drivers/STM32F4xx_HAL_Driver/Src/stm32f4xx_hal_dma.o
                0x00000000080011f4                HAL_DMA_Abort_IT
 .text.HAL_DMA_GetState
                0x0000000008001218        0x8 ./Drivers/STM32F4xx_HAL_Driver/Src/stm32f4xx_hal_dma.o
                0x0000000008001218                HAL_DMA_GetState
 .text.HAL_GPIO_Init
                0x0000000008001220      0x1e4 ./Drivers/STM32F4xx_HAL_Driver/Src/stm32f4xx_hal_gpio.o
                0x0000000008001220                HAL_GPIO_Init
 .text.HAL_GPIO_WritePin
                0x0000000008001404        0x8 ./Drivers/STM32F4xx_HAL_Driver/Src/stm32f4xx_hal_gpio.o
                0x0000000008001404                HAL_GPIO_WritePin
 .text.HAL_I2C_Init
                0x000000000800140c      0x190 ./Drivers/STM32F4xx_HAL_Driver/Src/stm32f4xx_hal_i2c.o
                0x000000000800140c                HAL_I2C_Init
 .text.HAL_I2C_Slave_Seq_Transmit_IT
                0x000000000800159c       0x84 ./Drivers/STM32F4xx_HAL_Driver/Src/stm32f4xx_hal_i2c.o
                0x000000000800159c                HAL_I2C_Slave_Seq_Transmit_IT
 .text.HAL_I2C_Slave_Seq_Receive_IT
                0x0000000008001620       0x84 ./Drivers/STM32F4xx_HAL_Driver/Src/stm32f4xx_hal_i2c.o
                0x0000000008001620                HAL_I2C_Slave_Seq_Receive_IT
 .text.HAL_I2C_EnableListen_IT
                0x00000000080016a4       0x38 ./Drivers/STM32F4xx_HAL_Driver/Src/stm32f4xx_hal_i2c.o
                0x00000000080016a4                HAL_I2C_EnableListen_IT
 .text.HAL_I2C_MasterTxCpltCallback
                0x00000000080016dc        0x4 ./Drivers/STM32F4xx_HAL_Driver/Src/stm32f4xx_hal_i2c.o
                0x00000000080016dc                HAL_I2C_MasterTxCpltCallback
 .text.HAL_I2C_MasterRxCpltCallback
                0x00000000080016e0        0x4 ./Drivers/STM32F4xx_HAL_Driver/Src/stm32f4xx_hal_i2c.o
                0x00000000080016e0                HAL_I2C_MasterRxCpltCallback
 .text.HAL_I2C_MemTxCpltCallback
                0x00000000080016e4        0x4 ./Drivers/STM32F4xx_HAL_Driver/Src/stm32f4xx_hal_i2c.o
                0x00000000080016e4                HAL_I2C_MemTxCpltCallback
 .text.I2C_MemoryTransmit_TXE_BTF
                0x00000000080016e8       0xbc ./Drivers/STM32F4xx_HAL_Driver/Src/stm32f4xx_hal_i2c.o
 .text.HAL_I2C_MemRxCpltCallback
                0x00000000080017a4        0x4 ./Drivers/STM32F4xx_HAL_Driver/Src/stm32f4xx_hal_i2c.o
                0x00000000080017a4                HAL_I2C_MemRxCpltCallback
 .text.HAL_I2C_AbortCpltCallback
                0x00000000080017a8        0x4 ./Drivers/STM32F4xx_HAL_Driver/Src/stm32f4xx_hal_i2c.o
                0x00000000080017a8                HAL_I2C_AbortCpltCallback
 .text.I2C_DMAAbort
                0x00000000080017ac       0xf4 ./Drivers/STM32F4xx_HAL_Driver/Src/stm32f4xx_hal_i2c.o
 .text.I2C_ITError
                0x00000000080018a0      0x16c ./Drivers/STM32F4xx_HAL_Driver/Src/stm32f4xx_hal_i2c.o
 .text.HAL_I2C_EV_IRQHandler
                0x0000000008001a0c      0x958 ./Drivers/STM32F4xx_HAL_Driver/Src/stm32f4xx_hal_i2c.o
                0x0000000008001a0c                HAL_I2C_EV_IRQHandler
 .text.HAL_I2C_ER_IRQHandler
                0x0000000008002364      0x190 ./Drivers/STM32F4xx_HAL_Driver/Src/stm32f4xx_hal_i2c.o
                0x0000000008002364                HAL_I2C_ER_IRQHandler
 .text.HAL_RCC_OscConfig
                0x00000000080024f4      0x3c8 ./Drivers/STM32F4xx_HAL_Driver/Src/stm32f4xx_hal_rcc.o
                0x00000000080024f4                HAL_RCC_OscConfig
 .text.HAL_RCC_GetSysClockFreq
                0x00000000080028bc       0x68 ./Drivers/STM32F4xx_HAL_Driver/Src/stm32f4xx_hal_rcc.o
                0x00000000080028bc                HAL_RCC_GetSysClockFreq
 .text.HAL_RCC_ClockConfig
                0x0000000008002924      0x13c ./Drivers/STM32F4xx_HAL_Driver/Src/stm32f4xx_hal_rcc.o
                0x0000000008002924                HAL_RCC_ClockConfig
 .text.HAL_RCC_GetPCLK1Freq
                0x0000000008002a60       0x20 ./Drivers/STM32F4xx_HAL_Driver/Src/stm32f4xx_hal_rcc.o
                0x0000000008002a60                HAL_RCC_GetPCLK1Freq
 .text.HAL_RCC_GetPCLK2Freq
                0x0000000008002a80       0x20 ./Drivers/STM32F4xx_HAL_Driver/Src/stm32f4xx_hal_rcc.o
                0x0000000008002a80                HAL_RCC_GetPCLK2Freq
 .text.HAL_TIM_Base_Start_IT
                0x0000000008002aa0       0x68 ./Drivers/STM32F4xx_HAL_Driver/Src/stm32f4xx_hal_tim.o
                0x0000000008002aa0                HAL_TIM_Base_Start_IT
 .text.HAL_TIM_Base_Stop_IT
                0x0000000008002b08       0x30 ./Drivers/STM32F4xx_HAL_Driver/Src/stm32f4xx_hal_tim.o
                0x0000000008002b08                HAL_TIM_Base_Stop_IT
 .text.HAL_TIM_ConfigClockSource
                0x0000000008002b38      0x160 ./Drivers/STM32F4xx_HAL_Driver/Src/stm32f4xx_hal_tim.o
                0x0000000008002b38                HAL_TIM_ConfigClockSource
 .text.HAL_TIM_OC_DelayElapsedCallback
                0x0000000008002c98        0x4 ./Drivers/STM32F4xx_HAL_Driver/Src/stm32f4xx_hal_tim.o
                0x0000000008002c98                HAL_TIM_OC_DelayElapsedCallback
 .text.HAL_TIM_IC_CaptureCallback
                0x0000000008002c9c        0x4 ./Drivers/STM32F4xx_HAL_Driver/Src/stm32f4xx_hal_tim.o
                0x0000000008002c9c                HAL_TIM_IC_CaptureCallback
 .text.HAL_TIM_PWM_PulseFinishedCallback
                0x0000000008002ca0        0x4 ./Drivers/STM32F4xx_HAL_Driver/Src/stm32f4xx_hal_tim.o
                0x0000000008002ca0                HAL_TIM_PWM_PulseFinishedCallback
 .text.HAL_TIM_TriggerCallback
                0x0000000008002ca4        0x4 ./Drivers/STM32F4xx_HAL_Driver/Src/stm32f4xx_hal_tim.o
                0x0000000008002ca4                HAL_TIM_TriggerCallback
 .text.HAL_TIM_IRQHandler
                0x0000000008002ca8      0x154 ./Drivers/STM32F4xx_HAL_Driver/Src/stm32f4xx_hal_tim.o
                0x0000000008002ca8                HAL_TIM_IRQHandler
 .text.TIM_Base_SetConfig
                0x0000000008002dfc       0xb0 ./Drivers/STM32F4xx_HAL_Driver/Src/stm32f4xx_hal_tim.o
                0x0000000008002dfc                TIM_Base_SetConfig
 .text.HAL_TIM_Base_Init
                0x0000000008002eac       0x5c ./Drivers/STM32F4xx_HAL_Driver/Src/stm32f4xx_hal_tim.o
                0x0000000008002eac                HAL_TIM_Base_Init
 .text.HAL_TIMEx_MasterConfigSynchronization
                0x0000000008002f08       0x70 ./Drivers/STM32F4xx_HAL_Driver/Src/stm32f4xx_hal_tim_ex.o
                0x0000000008002f08                HAL_TIMEx_MasterConfigSynchronization
 .text.HAL_TIMEx_CommutCallback
                0x0000000008002f78        0x4 ./Drivers/STM32F4xx_HAL_Driver/Src/stm32f4xx_hal_tim_ex.o
                0x0000000008002f78                HAL_TIMEx_CommutCallback
 .text.HAL_TIMEx_BreakCallback
                0x0000000008002f7c        0x4 ./Drivers/STM32F4xx_HAL_Driver/Src/stm32f4xx_hal_tim_ex.o
                0x0000000008002f7c                HAL_TIMEx_BreakCallback
 .text.UART_EndRxTransfer
                0x0000000008002f80       0x60 ./Drivers/STM32F4xx_HAL_Driver/Src/stm32f4xx_hal_uart.o
 .text.UART_SetConfig
                0x0000000008002fe0       0xe0 ./Drivers/STM32F4xx_HAL_Driver/Src/stm32f4xx_hal_uart.o
 .text.HAL_UART_Init
                0x00000000080030c0       0x60 ./Drivers/STM32F4xx_HAL_Driver/Src/stm32f4xx_hal_uart.o
                0x00000000080030c0                HAL_UART_Init
 .text.HAL_UART_TxCpltCallback
                0x0000000008003120        0x4 ./Drivers/STM32F4xx_HAL_Driver/Src/stm32f4xx_hal_uart.o
                0x0000000008003120                HAL_UART_TxCpltCallback
 .text.HAL_UART_ErrorCallback
                0x0000000008003124        0x4 ./Drivers/STM32F4xx_HAL_Driver/Src/stm32f4xx_hal_uart.o
                0x0000000008003124                HAL_UART_ErrorCallback
 .text.UART_DMAAbortOnError
                0x0000000008003128       0x10 ./Drivers/STM32F4xx_HAL_Driver/Src/stm32f4xx_hal_uart.o
 .text.HAL_UARTEx_RxEventCallback
                0x0000000008003138        0x4 ./Drivers/STM32F4xx_HAL_Driver/Src/stm32f4xx_hal_uart.o
                0x0000000008003138                HAL_UARTEx_RxEventCallback
 .text.UART_Receive_IT.part.0.isra.0
                0x000000000800313c       0xcc ./Drivers/STM32F4xx_HAL_Driver/Src/stm32f4xx_hal_uart.o
 .text.HAL_UART_IRQHandler
                0x0000000008003208      0x2c8 ./Drivers/STM32F4xx_HAL_Driver/Src/stm32f4xx_hal_uart.o
                0x0000000008003208                HAL_UART_IRQHandler
 .text.LL_GPIO_Init
                0x00000000080034d0      0x14c ./Drivers/STM32F4xx_HAL_Driver/Src/stm32f4xx_ll_gpio.o
                0x00000000080034d0                LL_GPIO_Init
 .text.LL_SPI_Init
                0x000000000800361c       0x70 ./Drivers/STM32F4xx_HAL_Driver/Src/stm32f4xx_ll_spi.o
                0x000000000800361c                LL_SPI_Init
 .text.__libc_init_array
                0x000000000800368c       0x48 c:/st/stm32cubeide_1.12.1/stm32cubeide/plugins/com.st.stm32cube.ide.mcu.externaltools.gnu-tools-for-stm32.10.3-2021.10.win32_1.0.200.202301161003/tools/bin/../lib/gcc/arm-none-eabi/10.3.1/../../../../arm-none-eabi/lib/thumb/v7e-m+fp/hard\libc_nano.a(lib_a-init.o)
                0x000000000800368c                __libc_init_array
 .text.memcpy   0x00000000080036d4       0x1c c:/st/stm32cubeide_1.12.1/stm32cubeide/plugins/com.st.stm32cube.ide.mcu.externaltools.gnu-tools-for-stm32.10.3-2021.10.win32_1.0.200.202301161003/tools/bin/../lib/gcc/arm-none-eabi/10.3.1/../../../../arm-none-eabi/lib/thumb/v7e-m+fp/hard\libc_nano.a(lib_a-memcpy-stub.o)
                0x00000000080036d4                memcpy
 .text.memset   0x00000000080036f0       0x10 c:/st/stm32cubeide_1.12.1/stm32cubeide/plugins/com.st.stm32cube.ide.mcu.externaltools.gnu-tools-for-stm32.10.3-2021.10.win32_1.0.200.202301161003/tools/bin/../lib/gcc/arm-none-eabi/10.3.1/../../../../arm-none-eabi/lib/thumb/v7e-m+fp/hard\libc_nano.a(lib_a-memset.o)
                0x00000000080036f0                memset
 *(.glue_7)
 .glue_7        0x0000000008003700        0x0 linker stubs
 *(.glue_7t)
 .glue_7t       0x0000000008003700        0x0 linker stubs
 *(.eh_frame)
 .eh_frame      0x0000000008003700        0x0 c:/st/stm32cubeide_1.12.1/stm32cubeide/plugins/com.st.stm32cube.ide.mcu.externaltools.gnu-tools-for-stm32.10.3-2021.10.win32_1.0.200.202301161003/tools/bin/../lib/gcc/arm-none-eabi/10.3.1/thumb/v7e-m+fp/hard/crtbegin.o
 *(.init)
 .init          0x0000000008003700        0x4 c:/st/stm32cubeide_1.12.1/stm32cubeide/plugins/com.st.stm32cube.ide.mcu.externaltools.gnu-tools-for-stm32.10.3-2021.10.win32_1.0.200.202301161003/tools/bin/../lib/gcc/arm-none-eabi/10.3.1/thumb/v7e-m+fp/hard/crti.o
                0x0000000008003700                _init
 .init          0x0000000008003704        0x8 c:/st/stm32cubeide_1.12.1/stm32cubeide/plugins/com.st.stm32cube.ide.mcu.externaltools.gnu-tools-for-stm32.10.3-2021.10.win32_1.0.200.202301161003/tools/bin/../lib/gcc/arm-none-eabi/10.3.1/thumb/v7e-m+fp/hard/crtn.o
 *(.fini)
 .fini          0x000000000800370c        0x4 c:/st/stm32cubeide_1.12.1/stm32cubeide/plugins/com.st.stm32cube.ide.mcu.externaltools.gnu-tools-for-stm32.10.3-2021.10.win32_1.0.200.202301161003/tools/bin/../lib/gcc/arm-none-eabi/10.3.1/thumb/v7e-m+fp/hard/crti.o
                0x000000000800370c                _fini
 .fini          0x0000000008003710        0x8 c:/st/stm32cubeide_1.12.1/stm32cubeide/plugins/com.st.stm32cube.ide.mcu.externaltools.gnu-tools-for-stm32.10.3-2021.10.win32_1.0.200.202301161003/tools/bin/../lib/gcc/arm-none-eabi/10.3.1/thumb/v7e-m+fp/hard/crtn.o
                0x0000000008003718                . = ALIGN (0x4)
                0x0000000008003718                _etext = .

.vfp11_veneer   0x0000000008003718        0x0
 .vfp11_veneer  0x0000000008003718        0x0 linker stubs

.v4_bx          0x0000000008003718        0x0
 .v4_bx         0x0000000008003718        0x0 linker stubs

.iplt           0x0000000008003718        0x0
 .iplt          0x0000000008003718        0x0 c:/st/stm32cubeide_1.12.1/stm32cubeide/plugins/com.st.stm32cube.ide.mcu.externaltools.gnu-tools-for-stm32.10.3-2021.10.win32_1.0.200.202301161003/tools/bin/../lib/gcc/arm-none-eabi/10.3.1/thumb/v7e-m+fp/hard/crtbegin.o

.rodata         0x0000000008003718       0x28
                0x0000000008003718                . = ALIGN (0x4)
 *(.rodata)
 .rodata        0x0000000008003718        0x8 ./Core/Src/max17261.o
 .rodata        0x0000000008003720        0x8 ./Core/Src/pca9555.o
 *(.rodata*)
 .rodata.AHBPrescTable
                0x0000000008003728       0x10 ./Core/Src/system_stm32f4xx.o
                0x0000000008003728                AHBPrescTable
 .rodata.APBPrescTable
                0x0000000008003738        0x8 ./Core/Src/system_stm32f4xx.o
                0x0000000008003738                APBPrescTable
                0x0000000008003740                . = ALIGN (0x4)

.ARM.extab      0x0000000008003740        0x0
                0x0000000008003740                . = ALIGN (0x4)
 *(.ARM.extab* .gnu.linkonce.armextab.*)
                0x0000000008003740                . = ALIGN (0x4)

.ARM            0x0000000008003740        0x8
                0x0000000008003740                . = ALIGN (0x4)
                0x0000000008003740                __exidx_start = .
 *(.ARM.exidx*)
 .ARM.exidx     0x0000000008003740        0x8 c:/st/stm32cubeide_1.12.1/stm32cubeide/plugins/com.st.stm32cube.ide.mcu.externaltools.gnu-tools-for-stm32.10.3-2021.10.win32_1.0.200.202301161003/tools/bin/../lib/gcc/arm-none-eabi/10.3.1/thumb/v7e-m+fp/hard\libgcc.a(_udivmoddi4.o)
                0x0000000008003748                __exidx_end = .
                0x0000000008003748                . = ALIGN (0x4)

.rel.dyn        0x0000000008003748        0x0
 .rel.iplt      0x0000000008003748        0x0 c:/st/stm32cubeide_1.12.1/stm32cubeide/plugins/com.st.stm32cube.ide.mcu.externaltools.gnu-tools-for-stm32.10.3-2021.10.win32_1.0.200.202301161003/tools/bin/../lib/gcc/arm-none-eabi/10.3.1/thumb/v7e-m+fp/hard/crtbegin.o

.preinit_array  0x0000000008003748        0x0
                0x0000000008003748                . = ALIGN (0x4)
                0x0000000008003748                PROVIDE (__preinit_array_start = .)
 *(.preinit_array*)
                0x0000000008003748                PROVIDE (__preinit_array_end = .)
                0x0000000008003748                . = ALIGN (0x4)

.init_array     0x0000000008003748        0x4
                0x0000000008003748                . = ALIGN (0x4)
                0x0000000008003748                PROVIDE (__init_array_start = .)
 *(SORT_BY_NAME(.init_array.*))
 *(.init_array*)
 .init_array    0x0000000008003748        0x4 c:/st/stm32cubeide_1.12.1/stm32cubeide/plugins/com.st.stm32cube.ide.mcu.externaltools.gnu-tools-for-stm32.10.3-2021.10.win32_1.0.200.202301161003/tools/bin/../lib/gcc/arm-none-eabi/10.3.1/thumb/v7e-m+fp/hard/crtbegin.o
                0x000000000800374c                PROVIDE (__init_array_end = .)
                0x000000000800374c                . = ALIGN (0x4)

.fini_array     0x000000000800374c        0x4
                0x000000000800374c                . = ALIGN (0x4)
                [!provide]                        PROVIDE (__fini_array_start = .)
 *(SORT_BY_NAME(.fini_array.*))
 *(.fini_array*)
 .fini_array    0x000000000800374c        0x4 c:/st/stm32cubeide_1.12.1/stm32cubeide/plugins/com.st.stm32cube.ide.mcu.externaltools.gnu-tools-for-stm32.10.3-2021.10.win32_1.0.200.202301161003/tools/bin/../lib/gcc/arm-none-eabi/10.3.1/thumb/v7e-m+fp/hard/crtbegin.o
                [!provide]                        PROVIDE (__fini_array_end = .)
                0x0000000008003750                . = ALIGN (0x4)
                0x0000000008003750                _sidata = LOADADDR (.data)

.data           0x0000000020000000        0xc load address 0x0000000008003750
                0x0000000020000000                . = ALIGN (0x4)
                0x0000000020000000                _sdata = .
 *(.data)
 *(.data*)
 .data.SystemCoreClock
                0x0000000020000000        0x4 ./Core/Src/system_stm32f4xx.o
                0x0000000020000000                SystemCoreClock
 .data.uwTickFreq
                0x0000000020000004        0x1 ./Drivers/STM32F4xx_HAL_Driver/Src/stm32f4xx_hal.o
                0x0000000020000004                uwTickFreq
 *fill*         0x0000000020000005        0x3 
 .data.uwTickPrio
                0x0000000020000008        0x4 ./Drivers/STM32F4xx_HAL_Driver/Src/stm32f4xx_hal.o
                0x0000000020000008                uwTickPrio
 *(.RamFunc)
 *(.RamFunc*)
                0x000000002000000c                . = ALIGN (0x4)
                0x000000002000000c                _edata = .

.igot.plt       0x000000002000000c        0x0 load address 0x000000000800375c
 .igot.plt      0x000000002000000c        0x0 c:/st/stm32cubeide_1.12.1/stm32cubeide/plugins/com.st.stm32cube.ide.mcu.externaltools.gnu-tools-for-stm32.10.3-2021.10.win32_1.0.200.202301161003/tools/bin/../lib/gcc/arm-none-eabi/10.3.1/thumb/v7e-m+fp/hard/crtbegin.o
                0x000000002000000c                . = ALIGN (0x4)

.bss            0x000000002000000c      0x4bc load address 0x000000000800375c
                0x000000002000000c                _sbss = .
                0x000000002000000c                __bss_start__ = _sbss
 *(.bss)
 .bss           0x000000002000000c       0x1c c:/st/stm32cubeide_1.12.1/stm32cubeide/plugins/com.st.stm32cube.ide.mcu.externaltools.gnu-tools-for-stm32.10.3-2021.10.win32_1.0.200.202301161003/tools/bin/../lib/gcc/arm-none-eabi/10.3.1/thumb/v7e-m+fp/hard/crtbegin.o
 *(.bss*)
 .bss.i2c_address_mapping
                0x0000000020000028       0x80 ./Core/Src/i2c_slave.o
 .bss.i2c_callbacks
                0x00000000200000a8       0x10 ./Core/Src/i2c_slave.o
 .bss.i2c_fsm_state
                0x00000000200000b8        0x4 ./Core/Src/i2c_slave.o
 .bss.i2c_settings
                0x00000000200000bc       0x58 ./Core/Src/i2c_slave.o
 .bss.hi2c1     0x0000000020000114       0x54 ./Core/Src/main.o
                0x0000000020000114                hi2c1
 .bss.htim3     0x0000000020000168       0x48 ./Core/Src/main.o
                0x0000000020000168                htim3
 .bss.huart1    0x00000000200001b0       0x44 ./Core/Src/main.o
                0x00000000200001b0                huart1
 .bss.huart2    0x00000000200001f4       0x44 ./Core/Src/main.o
                0x00000000200001f4                huart2
 .bss.initial_max17261_reg_map
                0x0000000020000238      0x1fe ./Core/Src/max17261.o
 *fill*         0x0000000020000436        0x2 
 .bss.initial_pca9555_reg_map
                0x0000000020000438        0x8 ./Core/Src/pca9555.o
 .bss.spi_fsm_state
                0x0000000020000440        0x4 ./Core/Src/spi_slave.o
 .bss.spi_process_byte
                0x0000000020000444        0x4 ./Core/Src/spi_slave.o
 .bss.spi_process_received_data
                0x0000000020000448        0x4 ./Core/Src/spi_slave.o
 .bss.spi_settings
                0x000000002000044c       0x48 ./Core/Src/spi_slave.o
 .bss.uart_fsm_state
                0x0000000020000494        0x1 ./Core/Src/uart.o
 *fill*         0x0000000020000495        0x3 
 .bss.uart_process_received_data
                0x0000000020000498        0x4 ./Core/Src/uart.o
 .bss.uart_settings
                0x000000002000049c       0x24 ./Core/Src/uart.o
 .bss.uart_update_state
                0x00000000200004c0        0x4 ./Core/Src/uart.o
 .bss.uwTick    0x00000000200004c4        0x4 ./Drivers/STM32F4xx_HAL_Driver/Src/stm32f4xx_hal.o
                0x00000000200004c4                uwTick
 *(COMMON)
                0x00000000200004c8                . = ALIGN (0x4)
                0x00000000200004c8                _ebss = .
                0x00000000200004c8                __bss_end__ = _ebss

._user_heap_stack
                0x00000000200004c8      0x600 load address 0x000000000800375c
                0x00000000200004c8                . = ALIGN (0x8)
                [!provide]                        PROVIDE (end = .)
                0x00000000200004c8                PROVIDE (_end = .)
                0x00000000200006c8                . = (. + _Min_Heap_Size)
 *fill*         0x00000000200004c8      0x200 
                0x0000000020000ac8                . = (. + _Min_Stack_Size)
 *fill*         0x00000000200006c8      0x400 
                0x0000000020000ac8                . = ALIGN (0x8)

/DISCARD/
 libc.a(*)
 libm.a(*)
 libgcc.a(*)

.ARM.attributes
                0x0000000000000000       0x30
 *(.ARM.attributes)
 .ARM.attributes
                0x0000000000000000       0x1e c:/st/stm32cubeide_1.12.1/stm32cubeide/plugins/com.st.stm32cube.ide.mcu.externaltools.gnu-tools-for-stm32.10.3-2021.10.win32_1.0.200.202301161003/tools/bin/../lib/gcc/arm-none-eabi/10.3.1/thumb/v7e-m+fp/hard/crti.o
 .ARM.attributes
                0x000000000000001e       0x34 c:/st/stm32cubeide_1.12.1/stm32cubeide/plugins/com.st.stm32cube.ide.mcu.externaltools.gnu-tools-for-stm32.10.3-2021.10.win32_1.0.200.202301161003/tools/bin/../lib/gcc/arm-none-eabi/10.3.1/thumb/v7e-m+fp/hard/crtbegin.o
 .ARM.attributes
                0x0000000000000052       0x34 ./Core/Src/i2c_slave.o
 .ARM.attributes
                0x0000000000000086       0x34 ./Core/Src/main.o
 .ARM.attributes
                0x00000000000000ba       0x34 ./Core/Src/max17261.o
 .ARM.attributes
                0x00000000000000ee       0x34 ./Core/Src/pca9555.o
 .ARM.attributes
                0x0000000000000122       0x34 ./Core/Src/spi_slave.o
 .ARM.attributes
                0x0000000000000156       0x34 ./Core/Src/stm32f4xx_hal_msp.o
 .ARM.attributes
                0x000000000000018a       0x34 ./Core/Src/stm32f4xx_it.o
 .ARM.attributes
                0x00000000000001be       0x34 ./Core/Src/system_stm32f4xx.o
 .ARM.attributes
                0x00000000000001f2       0x34 ./Core/Src/uart.o
 .ARM.attributes
                0x0000000000000226       0x21 ./Core/Startup/startup_stm32f401retx.o
 .ARM.attributes
                0x0000000000000247       0x34 ./Drivers/STM32F4xx_HAL_Driver/Src/stm32f4xx_hal.o
 .ARM.attributes
                0x000000000000027b       0x34 ./Drivers/STM32F4xx_HAL_Driver/Src/stm32f4xx_hal_cortex.o
 .ARM.attributes
                0x00000000000002af       0x34 ./Drivers/STM32F4xx_HAL_Driver/Src/stm32f4xx_hal_dma.o
 .ARM.attributes
                0x00000000000002e3       0x34 ./Drivers/STM32F4xx_HAL_Driver/Src/stm32f4xx_hal_gpio.o
 .ARM.attributes
                0x0000000000000317       0x34 ./Drivers/STM32F4xx_HAL_Driver/Src/stm32f4xx_hal_i2c.o
 .ARM.attributes
                0x000000000000034b       0x34 ./Drivers/STM32F4xx_HAL_Driver/Src/stm32f4xx_hal_rcc.o
 .ARM.attributes
                0x000000000000037f       0x34 ./Drivers/STM32F4xx_HAL_Driver/Src/stm32f4xx_hal_tim.o
 .ARM.attributes
                0x00000000000003b3       0x34 ./Drivers/STM32F4xx_HAL_Driver/Src/stm32f4xx_hal_tim_ex.o
 .ARM.attributes
                0x00000000000003e7       0x34 ./Drivers/STM32F4xx_HAL_Driver/Src/stm32f4xx_hal_uart.o
 .ARM.attributes
                0x000000000000041b       0x34 ./Drivers/STM32F4xx_HAL_Driver/Src/stm32f4xx_ll_gpio.o
 .ARM.attributes
                0x000000000000044f       0x34 ./Drivers/STM32F4xx_HAL_Driver/Src/stm32f4xx_ll_spi.o
 .ARM.attributes
                0x0000000000000483       0x34 c:/st/stm32cubeide_1.12.1/stm32cubeide/plugins/com.st.stm32cube.ide.mcu.externaltools.gnu-tools-for-stm32.10.3-2021.10.win32_1.0.200.202301161003/tools/bin/../lib/gcc/arm-none-eabi/10.3.1/../../../../arm-none-eabi/lib/thumb/v7e-m+fp/hard\libc_nano.a(lib_a-init.o)
 .ARM.attributes
                0x00000000000004b7       0x34 c:/st/stm32cubeide_1.12.1/stm32cubeide/plugins/com.st.stm32cube.ide.mcu.externaltools.gnu-tools-for-stm32.10.3-2021.10.win32_1.0.200.202301161003/tools/bin/../lib/gcc/arm-none-eabi/10.3.1/../../../../arm-none-eabi/lib/thumb/v7e-m+fp/hard\libc_nano.a(lib_a-memcpy-stub.o)
 .ARM.attributes
                0x00000000000004eb       0x34 c:/st/stm32cubeide_1.12.1/stm32cubeide/plugins/com.st.stm32cube.ide.mcu.externaltools.gnu-tools-for-stm32.10.3-2021.10.win32_1.0.200.202301161003/tools/bin/../lib/gcc/arm-none-eabi/10.3.1/../../../../arm-none-eabi/lib/thumb/v7e-m+fp/hard\libc_nano.a(lib_a-memset.o)
 .ARM.attributes
                0x000000000000051f       0x1e c:/st/stm32cubeide_1.12.1/stm32cubeide/plugins/com.st.stm32cube.ide.mcu.externaltools.gnu-tools-for-stm32.10.3-2021.10.win32_1.0.200.202301161003/tools/bin/../lib/gcc/arm-none-eabi/10.3.1/thumb/v7e-m+fp/hard\libgcc.a(_aeabi_uldivmod.o)
 .ARM.attributes
                0x000000000000053d       0x34 c:/st/stm32cubeide_1.12.1/stm32cubeide/plugins/com.st.stm32cube.ide.mcu.externaltools.gnu-tools-for-stm32.10.3-2021.10.win32_1.0.200.202301161003/tools/bin/../lib/gcc/arm-none-eabi/10.3.1/thumb/v7e-m+fp/hard\libgcc.a(_udivmoddi4.o)
 .ARM.attributes
                0x0000000000000571       0x1e c:/st/stm32cubeide_1.12.1/stm32cubeide/plugins/com.st.stm32cube.ide.mcu.externaltools.gnu-tools-for-stm32.10.3-2021.10.win32_1.0.200.202301161003/tools/bin/../lib/gcc/arm-none-eabi/10.3.1/thumb/v7e-m+fp/hard\libgcc.a(_dvmd_tls.o)
 .ARM.attributes
                0x000000000000058f       0x1e c:/st/stm32cubeide_1.12.1/stm32cubeide/plugins/com.st.stm32cube.ide.mcu.externaltools.gnu-tools-for-stm32.10.3-2021.10.win32_1.0.200.202301161003/tools/bin/../lib/gcc/arm-none-eabi/10.3.1/thumb/v7e-m+fp/hard/crtn.o
OUTPUT(HIL_STM.elf elf32-littlearm)
LOAD linker stubs
LOAD c:/st/stm32cubeide_1.12.1/stm32cubeide/plugins/com.st.stm32cube.ide.mcu.externaltools.gnu-tools-for-stm32.10.3-2021.10.win32_1.0.200.202301161003/tools/bin/../lib/gcc/arm-none-eabi/10.3.1/../../../../arm-none-eabi/lib/thumb/v7e-m+fp/hard\libc.a
LOAD c:/st/stm32cubeide_1.12.1/stm32cubeide/plugins/com.st.stm32cube.ide.mcu.externaltools.gnu-tools-for-stm32.10.3-2021.10.win32_1.0.200.202301161003/tools/bin/../lib/gcc/arm-none-eabi/10.3.1/../../../../arm-none-eabi/lib/thumb/v7e-m+fp/hard\libm.a
LOAD c:/st/stm32cubeide_1.12.1/stm32cubeide/plugins/com.st.stm32cube.ide.mcu.externaltools.gnu-tools-for-stm32.10.3-2021.10.win32_1.0.200.202301161003/tools/bin/../lib/gcc/arm-none-eabi/10.3.1/thumb/v7e-m+fp/hard\libgcc.a

.debug_info     0x0000000000000000    0x1caa5
 .debug_info    0x0000000000000000      0xf52 ./Core/Src/i2c_slave.o
 .debug_info    0x0000000000000f52     0x24f7 ./Core/Src/main.o
 .debug_info    0x0000000000003449     0x1038 ./Core/Src/max17261.o
 .debug_info    0x0000000000004481      0xf99 ./Core/Src/pca9555.o
 .debug_info    0x000000000000541a      0xf09 ./Core/Src/spi_slave.o
 .debug_info    0x0000000000006323     0x14cd ./Core/Src/stm32f4xx_hal_msp.o
 .debug_info    0x00000000000077f0      0xf32 ./Core/Src/stm32f4xx_it.o
 .debug_info    0x0000000000008722      0x568 ./Core/Src/system_stm32f4xx.o
 .debug_info    0x0000000000008c8a      0x885 ./Core/Src/uart.o
 .debug_info    0x000000000000950f       0x22 ./Core/Startup/startup_stm32f401retx.o
 .debug_info    0x0000000000009531      0x9da ./Drivers/STM32F4xx_HAL_Driver/Src/stm32f4xx_hal.o
 .debug_info    0x0000000000009f0b     0x1002 ./Drivers/STM32F4xx_HAL_Driver/Src/stm32f4xx_hal_cortex.o
 .debug_info    0x000000000000af0d      0xb82 ./Drivers/STM32F4xx_HAL_Driver/Src/stm32f4xx_hal_dma.o
 .debug_info    0x000000000000ba8f      0x7da ./Drivers/STM32F4xx_HAL_Driver/Src/stm32f4xx_hal_gpio.o
 .debug_info    0x000000000000c269     0x3cba ./Drivers/STM32F4xx_HAL_Driver/Src/stm32f4xx_hal_i2c.o
 .debug_info    0x000000000000ff23      0xbb8 ./Drivers/STM32F4xx_HAL_Driver/Src/stm32f4xx_hal_rcc.o
 .debug_info    0x0000000000010adb     0x489f ./Drivers/STM32F4xx_HAL_Driver/Src/stm32f4xx_hal_tim.o
 .debug_info    0x000000000001537a     0x1c0c ./Drivers/STM32F4xx_HAL_Driver/Src/stm32f4xx_hal_tim_ex.o
 .debug_info    0x0000000000016f86     0x4401 ./Drivers/STM32F4xx_HAL_Driver/Src/stm32f4xx_hal_uart.o
 .debug_info    0x000000000001b387      0xbe7 ./Drivers/STM32F4xx_HAL_Driver/Src/stm32f4xx_ll_gpio.o
 .debug_info    0x000000000001bf6e      0xb37 ./Drivers/STM32F4xx_HAL_Driver/Src/stm32f4xx_ll_spi.o

.debug_abbrev   0x0000000000000000     0x3aae
 .debug_abbrev  0x0000000000000000      0x275 ./Core/Src/i2c_slave.o
 .debug_abbrev  0x0000000000000275      0x418 ./Core/Src/main.o
 .debug_abbrev  0x000000000000068d      0x2f9 ./Core/Src/max17261.o
 .debug_abbrev  0x0000000000000986      0x2ae ./Core/Src/pca9555.o
 .debug_abbrev  0x0000000000000c34      0x310 ./Core/Src/spi_slave.o
 .debug_abbrev  0x0000000000000f44      0x252 ./Core/Src/stm32f4xx_hal_msp.o
 .debug_abbrev  0x0000000000001196      0x29e ./Core/Src/stm32f4xx_it.o
 .debug_abbrev  0x0000000000001434      0x11c ./Core/Src/system_stm32f4xx.o
 .debug_abbrev  0x0000000000001550      0x218 ./Core/Src/uart.o
 .debug_abbrev  0x0000000000001768       0x12 ./Core/Startup/startup_stm32f401retx.o
 .debug_abbrev  0x000000000000177a      0x2ba ./Drivers/STM32F4xx_HAL_Driver/Src/stm32f4xx_hal.o
 .debug_abbrev  0x0000000000001a34      0x363 ./Drivers/STM32F4xx_HAL_Driver/Src/stm32f4xx_hal_cortex.o
 .debug_abbrev  0x0000000000001d97      0x2f3 ./Drivers/STM32F4xx_HAL_Driver/Src/stm32f4xx_hal_dma.o
 .debug_abbrev  0x000000000000208a      0x204 ./Drivers/STM32F4xx_HAL_Driver/Src/stm32f4xx_hal_gpio.o
 .debug_abbrev  0x000000000000228e      0x444 ./Drivers/STM32F4xx_HAL_Driver/Src/stm32f4xx_hal_i2c.o
 .debug_abbrev  0x00000000000026d2      0x347 ./Drivers/STM32F4xx_HAL_Driver/Src/stm32f4xx_hal_rcc.o
 .debug_abbrev  0x0000000000002a19      0x39c ./Drivers/STM32F4xx_HAL_Driver/Src/stm32f4xx_hal_tim.o
 .debug_abbrev  0x0000000000002db5      0x351 ./Drivers/STM32F4xx_HAL_Driver/Src/stm32f4xx_hal_tim_ex.o
 .debug_abbrev  0x0000000000003106      0x436 ./Drivers/STM32F4xx_HAL_Driver/Src/stm32f4xx_hal_uart.o
 .debug_abbrev  0x000000000000353c      0x255 ./Drivers/STM32F4xx_HAL_Driver/Src/stm32f4xx_ll_gpio.o
 .debug_abbrev  0x0000000000003791      0x31d ./Drivers/STM32F4xx_HAL_Driver/Src/stm32f4xx_ll_spi.o

.debug_loc      0x0000000000000000    0x144db
 .debug_loc     0x0000000000000000      0x241 ./Core/Src/i2c_slave.o
 .debug_loc     0x0000000000000241       0xb8 ./Core/Src/main.o
 .debug_loc     0x00000000000002f9      0x39a ./Core/Src/max17261.o
 .debug_loc     0x0000000000000693      0x312 ./Core/Src/pca9555.o
 .debug_loc     0x00000000000009a5      0x277 ./Core/Src/spi_slave.o
 .debug_loc     0x0000000000000c1c      0x118 ./Core/Src/stm32f4xx_hal_msp.o
 .debug_loc     0x0000000000000d34       0x60 ./Core/Src/stm32f4xx_it.o
 .debug_loc     0x0000000000000d94      0x118 ./Core/Src/system_stm32f4xx.o
 .debug_loc     0x0000000000000eac       0xe9 ./Core/Src/uart.o
 .debug_loc     0x0000000000000f95      0x168 ./Drivers/STM32F4xx_HAL_Driver/Src/stm32f4xx_hal.o
 .debug_loc     0x00000000000010fd      0x783 ./Drivers/STM32F4xx_HAL_Driver/Src/stm32f4xx_hal_cortex.o
 .debug_loc     0x0000000000001880      0xa8f ./Drivers/STM32F4xx_HAL_Driver/Src/stm32f4xx_hal_dma.o
 .debug_loc     0x000000000000230f      0x50c ./Drivers/STM32F4xx_HAL_Driver/Src/stm32f4xx_hal_gpio.o
 .debug_loc     0x000000000000281b     0x4823 ./Drivers/STM32F4xx_HAL_Driver/Src/stm32f4xx_hal_i2c.o
 .debug_loc     0x000000000000703e      0x515 ./Drivers/STM32F4xx_HAL_Driver/Src/stm32f4xx_hal_rcc.o
 .debug_loc     0x0000000000007553     0x5bd4 ./Drivers/STM32F4xx_HAL_Driver/Src/stm32f4xx_hal_tim.o
 .debug_loc     0x000000000000d127     0x19bb ./Drivers/STM32F4xx_HAL_Driver/Src/stm32f4xx_hal_tim_ex.o
 .debug_loc     0x000000000000eae2     0x4a8a ./Drivers/STM32F4xx_HAL_Driver/Src/stm32f4xx_hal_uart.o
 .debug_loc     0x000000000001356c      0x6c7 ./Drivers/STM32F4xx_HAL_Driver/Src/stm32f4xx_ll_gpio.o
 .debug_loc     0x0000000000013c33      0x8a8 ./Drivers/STM32F4xx_HAL_Driver/Src/stm32f4xx_ll_spi.o

.debug_aranges  0x0000000000000000      0xcd0
 .debug_aranges
                0x0000000000000000       0x48 ./Core/Src/i2c_slave.o
 .debug_aranges
                0x0000000000000048       0x30 ./Core/Src/main.o
 .debug_aranges
                0x0000000000000078       0x38 ./Core/Src/max17261.o
 .debug_aranges
                0x00000000000000b0       0x38 ./Core/Src/pca9555.o
 .debug_aranges
                0x00000000000000e8       0x40 ./Core/Src/spi_slave.o
 .debug_aranges
                0x0000000000000128       0x50 ./Core/Src/stm32f4xx_hal_msp.o
 .debug_aranges
                0x0000000000000178       0x78 ./Core/Src/stm32f4xx_it.o
 .debug_aranges
                0x00000000000001f0       0x28 ./Core/Src/system_stm32f4xx.o
 .debug_aranges
                0x0000000000000218       0x30 ./Core/Src/uart.o
 .debug_aranges
                0x0000000000000248       0x28 ./Core/Startup/startup_stm32f401retx.o
 .debug_aranges
                0x0000000000000270       0xe8 ./Drivers/STM32F4xx_HAL_Driver/Src/stm32f4xx_hal.o
 .debug_aranges
                0x0000000000000358       0xa8 ./Drivers/STM32F4xx_HAL_Driver/Src/stm32f4xx_hal_cortex.o
 .debug_aranges
                0x0000000000000400       0x78 ./Drivers/STM32F4xx_HAL_Driver/Src/stm32f4xx_hal_dma.o
 .debug_aranges
                0x0000000000000478       0x58 ./Drivers/STM32F4xx_HAL_Driver/Src/stm32f4xx_hal_gpio.o
 .debug_aranges
                0x00000000000004d0      0x1a8 ./Drivers/STM32F4xx_HAL_Driver/Src/stm32f4xx_hal_i2c.o
 .debug_aranges
                0x0000000000000678       0x88 ./Drivers/STM32F4xx_HAL_Driver/Src/stm32f4xx_hal_rcc.o
 .debug_aranges
                0x0000000000000700      0x298 ./Drivers/STM32F4xx_HAL_Driver/Src/stm32f4xx_hal_tim.o
 .debug_aranges
                0x0000000000000998      0x110 ./Drivers/STM32F4xx_HAL_Driver/Src/stm32f4xx_hal_tim_ex.o
 .debug_aranges
                0x0000000000000aa8      0x1a0 ./Drivers/STM32F4xx_HAL_Driver/Src/stm32f4xx_hal_uart.o
 .debug_aranges
                0x0000000000000c48       0x30 ./Drivers/STM32F4xx_HAL_Driver/Src/stm32f4xx_ll_gpio.o
 .debug_aranges
                0x0000000000000c78       0x58 ./Drivers/STM32F4xx_HAL_Driver/Src/stm32f4xx_ll_spi.o

.debug_ranges   0x0000000000000000     0x2018
 .debug_ranges  0x0000000000000000       0x58 ./Core/Src/i2c_slave.o
 .debug_ranges  0x0000000000000058      0x2b0 ./Core/Src/main.o
 .debug_ranges  0x0000000000000308       0x58 ./Core/Src/max17261.o
 .debug_ranges  0x0000000000000360       0x58 ./Core/Src/pca9555.o
 .debug_ranges  0x00000000000003b8       0xb8 ./Core/Src/spi_slave.o
 .debug_ranges  0x0000000000000470      0x108 ./Core/Src/stm32f4xx_hal_msp.o
 .debug_ranges  0x0000000000000578       0x68 ./Core/Src/stm32f4xx_it.o
 .debug_ranges  0x00000000000005e0       0x18 ./Core/Src/system_stm32f4xx.o
 .debug_ranges  0x00000000000005f8       0x20 ./Core/Src/uart.o
 .debug_ranges  0x0000000000000618       0x20 ./Core/Startup/startup_stm32f401retx.o
 .debug_ranges  0x0000000000000638       0xd8 ./Drivers/STM32F4xx_HAL_Driver/Src/stm32f4xx_hal.o
 .debug_ranges  0x0000000000000710      0x190 ./Drivers/STM32F4xx_HAL_Driver/Src/stm32f4xx_hal_cortex.o
 .debug_ranges  0x00000000000008a0      0x108 ./Drivers/STM32F4xx_HAL_Driver/Src/stm32f4xx_hal_dma.o
 .debug_ranges  0x00000000000009a8       0x60 ./Drivers/STM32F4xx_HAL_Driver/Src/stm32f4xx_hal_gpio.o
 .debug_ranges  0x0000000000000a08      0x8b8 ./Drivers/STM32F4xx_HAL_Driver/Src/stm32f4xx_hal_i2c.o
 .debug_ranges  0x00000000000012c0      0x140 ./Drivers/STM32F4xx_HAL_Driver/Src/stm32f4xx_hal_rcc.o
 .debug_ranges  0x0000000000001400      0x5b0 ./Drivers/STM32F4xx_HAL_Driver/Src/stm32f4xx_hal_tim.o
 .debug_ranges  0x00000000000019b0      0x1b0 ./Drivers/STM32F4xx_HAL_Driver/Src/stm32f4xx_hal_tim_ex.o
 .debug_ranges  0x0000000000001b60      0x270 ./Drivers/STM32F4xx_HAL_Driver/Src/stm32f4xx_hal_uart.o
 .debug_ranges  0x0000000000001dd0      0x108 ./Drivers/STM32F4xx_HAL_Driver/Src/stm32f4xx_ll_gpio.o
 .debug_ranges  0x0000000000001ed8      0x140 ./Drivers/STM32F4xx_HAL_Driver/Src/stm32f4xx_ll_spi.o

.debug_macro    0x0000000000000000    0x19f8f
 .debug_macro   0x0000000000000000      0x356 ./Core/Src/i2c_slave.o
 .debug_macro   0x0000000000000356      0xa7e ./Core/Src/i2c_slave.o
 .debug_macro   0x0000000000000dd4      0x2a1 ./Core/Src/i2c_slave.o
 .debug_macro   0x0000000000001075       0x2e ./Core/Src/i2c_slave.o
 .debug_macro   0x00000000000010a3       0x28 ./Core/Src/i2c_slave.o
 .debug_macro   0x00000000000010cb       0x22 ./Core/Src/i2c_slave.o
 .debug_macro   0x00000000000010ed       0x8e ./Core/Src/i2c_slave.o
 .debug_macro   0x000000000000117b       0x51 ./Core/Src/i2c_slave.o
 .debug_macro   0x00000000000011cc      0x103 ./Core/Src/i2c_slave.o
 .debug_macro   0x00000000000012cf       0x6a ./Core/Src/i2c_slave.o
 .debug_macro   0x0000000000001339      0x1df ./Core/Src/i2c_slave.o
 .debug_macro   0x0000000000001518       0x1c ./Core/Src/i2c_slave.o
 .debug_macro   0x0000000000001534       0x22 ./Core/Src/i2c_slave.o
 .debug_macro   0x0000000000001556       0xd9 ./Core/Src/i2c_slave.o
 .debug_macro   0x000000000000162f     0x102d ./Core/Src/i2c_slave.o
 .debug_macro   0x000000000000265c      0x11f ./Core/Src/i2c_slave.o
 .debug_macro   0x000000000000277b     0xb86c ./Core/Src/i2c_slave.o
 .debug_macro   0x000000000000dfe7       0x6d ./Core/Src/i2c_slave.o
 .debug_macro   0x000000000000e054     0x367e ./Core/Src/i2c_slave.o
 .debug_macro   0x00000000000116d2      0x174 ./Core/Src/i2c_slave.o
 .debug_macro   0x0000000000011846       0x5c ./Core/Src/i2c_slave.o
 .debug_macro   0x00000000000118a2      0x416 ./Core/Src/i2c_slave.o
 .debug_macro   0x0000000000011cb8      0x9fe ./Core/Src/i2c_slave.o
 .debug_macro   0x00000000000126b6      0x115 ./Core/Src/i2c_slave.o
 .debug_macro   0x00000000000127cb       0xf8 ./Core/Src/i2c_slave.o
 .debug_macro   0x00000000000128c3       0xa5 ./Core/Src/i2c_slave.o
 .debug_macro   0x0000000000012968      0x15f ./Core/Src/i2c_slave.o
 .debug_macro   0x0000000000012ac7      0x287 ./Core/Src/i2c_slave.o
 .debug_macro   0x0000000000012d4e       0x5f ./Core/Src/i2c_slave.o
 .debug_macro   0x0000000000012dad      0x236 ./Core/Src/i2c_slave.o
 .debug_macro   0x0000000000012fe3      0x132 ./Core/Src/i2c_slave.o
 .debug_macro   0x0000000000013115      0x264 ./Core/Src/i2c_slave.o
 .debug_macro   0x0000000000013379       0x2e ./Core/Src/i2c_slave.o
 .debug_macro   0x00000000000133a7      0x1b5 ./Core/Src/i2c_slave.o
 .debug_macro   0x000000000001355c       0x22 ./Core/Src/i2c_slave.o
 .debug_macro   0x000000000001357e       0xd6 ./Core/Src/i2c_slave.o
 .debug_macro   0x0000000000013654      0x11a ./Core/Src/i2c_slave.o
 .debug_macro   0x000000000001376e       0x85 ./Core/Src/i2c_slave.o
 .debug_macro   0x00000000000137f3       0x89 ./Core/Src/i2c_slave.o
 .debug_macro   0x000000000001387c      0x8e6 ./Core/Src/i2c_slave.o
 .debug_macro   0x0000000000014162       0x47 ./Core/Src/i2c_slave.o
 .debug_macro   0x00000000000141a9      0x295 ./Core/Src/i2c_slave.o
 .debug_macro   0x000000000001443e      0x126 ./Core/Src/i2c_slave.o
 .debug_macro   0x0000000000014564      0x23b ./Core/Src/i2c_slave.o
 .debug_macro   0x000000000001479f      0x116 ./Core/Src/i2c_slave.o
 .debug_macro   0x00000000000148b5      0x1a6 ./Core/Src/i2c_slave.o
 .debug_macro   0x0000000000014a5b      0x788 ./Core/Src/i2c_slave.o
 .debug_macro   0x00000000000151e3      0x1ab ./Core/Src/i2c_slave.o
 .debug_macro   0x000000000001538e       0x61 ./Core/Src/i2c_slave.o
 .debug_macro   0x00000000000153ef       0xbc ./Core/Src/i2c_slave.o
 .debug_macro   0x00000000000154ab      0x149 ./Core/Src/i2c_slave.o
 .debug_macro   0x00000000000155f4      0x1e6 ./Core/Src/i2c_slave.o
 .debug_macro   0x00000000000157da       0xe8 ./Core/Src/i2c_slave.o
 .debug_macro   0x00000000000158c2       0x58 ./Core/Src/i2c_slave.o
 .debug_macro   0x000000000001591a       0x16 ./Core/Src/i2c_slave.o
 .debug_macro   0x0000000000015930       0x52 ./Core/Src/i2c_slave.o
 .debug_macro   0x0000000000015982       0x1e ./Core/Src/i2c_slave.o
 .debug_macro   0x00000000000159a0       0x3c ./Core/Src/i2c_slave.o
 .debug_macro   0x00000000000159dc       0x34 ./Core/Src/i2c_slave.o
 .debug_macro   0x0000000000015a10       0x16 ./Core/Src/i2c_slave.o
 .debug_macro   0x0000000000015a26       0x43 ./Core/Src/i2c_slave.o
 .debug_macro   0x0000000000015a69       0x34 ./Core/Src/i2c_slave.o
 .debug_macro   0x0000000000015a9d       0x10 ./Core/Src/i2c_slave.o
 .debug_macro   0x0000000000015aad       0x58 ./Core/Src/i2c_slave.o
 .debug_macro   0x0000000000015b05       0x71 ./Core/Src/i2c_slave.o
 .debug_macro   0x0000000000015b76       0x1c ./Core/Src/i2c_slave.o
 .debug_macro   0x0000000000015b92      0x12a ./Core/Src/i2c_slave.o
 .debug_macro   0x0000000000015cbc      0x341 ./Core/Src/i2c_slave.o
 .debug_macro   0x0000000000015ffd       0x10 ./Core/Src/i2c_slave.o
 .debug_macro   0x000000000001600d       0x35 ./Core/Src/i2c_slave.o
 .debug_macro   0x0000000000016042       0x20 ./Core/Src/i2c_slave.o
 .debug_macro   0x0000000000016062       0x22 ./Core/Src/i2c_slave.o
 .debug_macro   0x0000000000016084      0x435 ./Core/Src/main.o
 .debug_macro   0x00000000000164b9      0x335 ./Core/Src/main.o
 .debug_macro   0x00000000000167ee       0x1c ./Core/Src/main.o
 .debug_macro   0x000000000001680a       0x10 ./Core/Src/main.o
 .debug_macro   0x000000000001681a       0x7c ./Core/Src/main.o
 .debug_macro   0x0000000000016896       0x17 ./Core/Src/main.o
 .debug_macro   0x00000000000168ad      0x118 ./Core/Src/main.o
 .debug_macro   0x00000000000169c5      0x667 ./Core/Src/main.o
 .debug_macro   0x000000000001702c       0x22 ./Core/Src/main.o
 .debug_macro   0x000000000001704e       0x3a ./Core/Src/main.o
 .debug_macro   0x0000000000017088       0x6a ./Core/Src/main.o
 .debug_macro   0x00000000000170f2      0x366 ./Core/Src/max17261.o
 .debug_macro   0x0000000000017458       0x56 ./Core/Src/max17261.o
 .debug_macro   0x00000000000174ae      0x366 ./Core/Src/pca9555.o
 .debug_macro   0x0000000000017814      0x351 ./Core/Src/spi_slave.o
 .debug_macro   0x0000000000017b65      0x250 ./Core/Src/stm32f4xx_hal_msp.o
 .debug_macro   0x0000000000017db5      0x25a ./Core/Src/stm32f4xx_it.o
 .debug_macro   0x000000000001800f      0x1e7 ./Core/Src/system_stm32f4xx.o
 .debug_macro   0x00000000000181f6      0x348 ./Core/Src/uart.o
 .debug_macro   0x000000000001853e       0x22 ./Core/Src/uart.o
 .debug_macro   0x0000000000018560      0x247 ./Drivers/STM32F4xx_HAL_Driver/Src/stm32f4xx_hal.o
 .debug_macro   0x00000000000187a7      0x1e7 ./Drivers/STM32F4xx_HAL_Driver/Src/stm32f4xx_hal_cortex.o
 .debug_macro   0x000000000001898e      0x1ed ./Drivers/STM32F4xx_HAL_Driver/Src/stm32f4xx_hal_dma.o
 .debug_macro   0x0000000000018b7b      0x1ed ./Drivers/STM32F4xx_HAL_Driver/Src/stm32f4xx_hal_gpio.o
 .debug_macro   0x0000000000018d68      0x22e ./Drivers/STM32F4xx_HAL_Driver/Src/stm32f4xx_hal_i2c.o
 .debug_macro   0x0000000000018f96      0x20b ./Drivers/STM32F4xx_HAL_Driver/Src/stm32f4xx_hal_rcc.o
 .debug_macro   0x00000000000191a1      0x1e8 ./Drivers/STM32F4xx_HAL_Driver/Src/stm32f4xx_hal_tim.o
 .debug_macro   0x0000000000019389      0x1e7 ./Drivers/STM32F4xx_HAL_Driver/Src/stm32f4xx_hal_tim_ex.o
 .debug_macro   0x0000000000019570      0x1e8 ./Drivers/STM32F4xx_HAL_Driver/Src/stm32f4xx_hal_uart.o
 .debug_macro   0x0000000000019758      0x229 ./Drivers/STM32F4xx_HAL_Driver/Src/stm32f4xx_ll_gpio.o
 .debug_macro   0x0000000000019981      0x143 ./Drivers/STM32F4xx_HAL_Driver/Src/stm32f4xx_ll_gpio.o
 .debug_macro   0x0000000000019ac4      0x296 ./Drivers/STM32F4xx_HAL_Driver/Src/stm32f4xx_ll_spi.o
 .debug_macro   0x0000000000019d5a      0x235 ./Drivers/STM32F4xx_HAL_Driver/Src/stm32f4xx_ll_spi.o

.debug_line     0x0000000000000000    0x1e155
 .debug_line    0x0000000000000000      0xab5 ./Core/Src/i2c_slave.o
 .debug_line    0x0000000000000ab5     0x11ef ./Core/Src/main.o
 .debug_line    0x0000000000001ca4      0xbbb ./Core/Src/max17261.o
 .debug_line    0x000000000000285f      0xb5d ./Core/Src/pca9555.o
 .debug_line    0x00000000000033bc      0xbea ./Core/Src/spi_slave.o
 .debug_line    0x0000000000003fa6      0xa22 ./Core/Src/stm32f4xx_hal_msp.o
 .debug_line    0x00000000000049c8      0x979 ./Core/Src/stm32f4xx_it.o
 .debug_line    0x0000000000005341      0x77e ./Core/Src/system_stm32f4xx.o
 .debug_line    0x0000000000005abf      0x9dc ./Core/Src/uart.o
 .debug_line    0x000000000000649b       0x88 ./Core/Startup/startup_stm32f401retx.o
 .debug_line    0x0000000000006523      0xa87 ./Drivers/STM32F4xx_HAL_Driver/Src/stm32f4xx_hal.o
 .debug_line    0x0000000000006faa      0xd25 ./Drivers/STM32F4xx_HAL_Driver/Src/stm32f4xx_hal_cortex.o
 .debug_line    0x0000000000007ccf     0x13d9 ./Drivers/STM32F4xx_HAL_Driver/Src/stm32f4xx_hal_dma.o
 .debug_line    0x00000000000090a8      0xcc8 ./Drivers/STM32F4xx_HAL_Driver/Src/stm32f4xx_hal_gpio.o
 .debug_line    0x0000000000009d70     0x5e97 ./Drivers/STM32F4xx_HAL_Driver/Src/stm32f4xx_hal_i2c.o
 .debug_line    0x000000000000fc07     0x10f7 ./Drivers/STM32F4xx_HAL_Driver/Src/stm32f4xx_hal_rcc.o
 .debug_line    0x0000000000010cfe     0x5223 ./Drivers/STM32F4xx_HAL_Driver/Src/stm32f4xx_hal_tim.o
 .debug_line    0x0000000000015f21     0x1e5b ./Drivers/STM32F4xx_HAL_Driver/Src/stm32f4xx_hal_tim_ex.o
 .debug_line    0x0000000000017d7c     0x4b9b ./Drivers/STM32F4xx_HAL_Driver/Src/stm32f4xx_hal_uart.o
 .debug_line    0x000000000001c917      0xb91 ./Drivers/STM32F4xx_HAL_Driver/Src/stm32f4xx_ll_gpio.o
 .debug_line    0x000000000001d4a8      0xcad ./Drivers/STM32F4xx_HAL_Driver/Src/stm32f4xx_ll_spi.o

.debug_str      0x0000000000000000    0xa0b3c
 .debug_str     0x0000000000000000    0x943a0 ./Core/Src/i2c_slave.o
                                      0x949ce (size before relaxing)
 .debug_str     0x00000000000943a0     0x782f ./Core/Src/main.o
                                      0x9c0e7 (size before relaxing)
 .debug_str     0x000000000009bbcf       0xcb ./Core/Src/max17261.o
                                      0x94e11 (size before relaxing)
 .debug_str     0x000000000009bc9a       0x64 ./Core/Src/pca9555.o
                                      0x94c6a (size before relaxing)
 .debug_str     0x000000000009bcfe      0x320 ./Core/Src/spi_slave.o
                                      0x946f5 (size before relaxing)
 .debug_str     0x000000000009c01e      0x117 ./Core/Src/stm32f4xx_hal_msp.o
                                      0x91e9b (size before relaxing)
 .debug_str     0x000000000009c135      0x1bd ./Core/Src/stm32f4xx_it.o
                                      0x91a8d (size before relaxing)
 .debug_str     0x000000000009c2f2       0x87 ./Core/Src/system_stm32f4xx.o
                                      0x87900 (size before relaxing)
 .debug_str     0x000000000009c379      0x264 ./Core/Src/uart.o
                                      0x94459 (size before relaxing)
 .debug_str     0x000000000009c5dd       0x36 ./Core/Startup/startup_stm32f401retx.o
                                         0x71 (size before relaxing)
 .debug_str     0x000000000009c613      0x5f5 ./Drivers/STM32F4xx_HAL_Driver/Src/stm32f4xx_hal.o
                                      0x88322 (size before relaxing)
 .debug_str     0x000000000009cc08      0x292 ./Drivers/STM32F4xx_HAL_Driver/Src/stm32f4xx_hal_cortex.o
                                      0x88043 (size before relaxing)
 .debug_str     0x000000000009ce9a      0x323 ./Drivers/STM32F4xx_HAL_Driver/Src/stm32f4xx_hal_dma.o
                                      0x87d08 (size before relaxing)
 .debug_str     0x000000000009d1bd      0x11b ./Drivers/STM32F4xx_HAL_Driver/Src/stm32f4xx_hal_gpio.o
                                      0x87a7b (size before relaxing)
 .debug_str     0x000000000009d2d8      0x9e4 ./Drivers/STM32F4xx_HAL_Driver/Src/stm32f4xx_hal_i2c.o
                                      0x888be (size before relaxing)
 .debug_str     0x000000000009dcbc      0x224 ./Drivers/STM32F4xx_HAL_Driver/Src/stm32f4xx_hal_rcc.o
                                      0x87d45 (size before relaxing)
 .debug_str     0x000000000009dee0      0xd88 ./Drivers/STM32F4xx_HAL_Driver/Src/stm32f4xx_hal_tim.o
                                      0x88c68 (size before relaxing)
 .debug_str     0x000000000009ec68      0x493 ./Drivers/STM32F4xx_HAL_Driver/Src/stm32f4xx_hal_tim_ex.o
                                      0x88484 (size before relaxing)
 .debug_str     0x000000000009f0fb      0x5ae ./Drivers/STM32F4xx_HAL_Driver/Src/stm32f4xx_hal_uart.o
                                      0x882d2 (size before relaxing)
 .debug_str     0x000000000009f6a9      0x657 ./Drivers/STM32F4xx_HAL_Driver/Src/stm32f4xx_ll_gpio.o
                                      0x88dbb (size before relaxing)
 .debug_str     0x000000000009fd00      0xe3c ./Drivers/STM32F4xx_HAL_Driver/Src/stm32f4xx_ll_spi.o
                                      0x8dbc3 (size before relaxing)

.comment        0x0000000000000000       0x50
 .comment       0x0000000000000000       0x50 ./Core/Src/i2c_slave.o
                                         0x51 (size before relaxing)
 .comment       0x0000000000000050       0x51 ./Core/Src/main.o
 .comment       0x0000000000000050       0x51 ./Core/Src/max17261.o
 .comment       0x0000000000000050       0x51 ./Core/Src/pca9555.o
 .comment       0x0000000000000050       0x51 ./Core/Src/spi_slave.o
 .comment       0x0000000000000050       0x51 ./Core/Src/stm32f4xx_hal_msp.o
 .comment       0x0000000000000050       0x51 ./Core/Src/stm32f4xx_it.o
 .comment       0x0000000000000050       0x51 ./Core/Src/system_stm32f4xx.o
 .comment       0x0000000000000050       0x51 ./Core/Src/uart.o
 .comment       0x0000000000000050       0x51 ./Drivers/STM32F4xx_HAL_Driver/Src/stm32f4xx_hal.o
 .comment       0x0000000000000050       0x51 ./Drivers/STM32F4xx_HAL_Driver/Src/stm32f4xx_hal_cortex.o
 .comment       0x0000000000000050       0x51 ./Drivers/STM32F4xx_HAL_Driver/Src/stm32f4xx_hal_dma.o
 .comment       0x0000000000000050       0x51 ./Drivers/STM32F4xx_HAL_Driver/Src/stm32f4xx_hal_gpio.o
 .comment       0x0000000000000050       0x51 ./Drivers/STM32F4xx_HAL_Driver/Src/stm32f4xx_hal_i2c.o
 .comment       0x0000000000000050       0x51 ./Drivers/STM32F4xx_HAL_Driver/Src/stm32f4xx_hal_rcc.o
 .comment       0x0000000000000050       0x51 ./Drivers/STM32F4xx_HAL_Driver/Src/stm32f4xx_hal_tim.o
 .comment       0x0000000000000050       0x51 ./Drivers/STM32F4xx_HAL_Driver/Src/stm32f4xx_hal_tim_ex.o
 .comment       0x0000000000000050       0x51 ./Drivers/STM32F4xx_HAL_Driver/Src/stm32f4xx_hal_uart.o
 .comment       0x0000000000000050       0x51 ./Drivers/STM32F4xx_HAL_Driver/Src/stm32f4xx_ll_gpio.o
 .comment       0x0000000000000050       0x51 ./Drivers/STM32F4xx_HAL_Driver/Src/stm32f4xx_ll_spi.o

.debug_frame    0x0000000000000000     0x2bb4
 .debug_frame   0x0000000000000000       0xa0 ./Core/Src/i2c_slave.o
 .debug_frame   0x00000000000000a0       0x60 ./Core/Src/main.o
 .debug_frame   0x0000000000000100       0x84 ./Core/Src/max17261.o
 .debug_frame   0x0000000000000184       0x80 ./Core/Src/pca9555.o
 .debug_frame   0x0000000000000204       0x98 ./Core/Src/spi_slave.o
 .debug_frame   0x000000000000029c       0xec ./Core/Src/stm32f4xx_hal_msp.o
 .debug_frame   0x0000000000000388       0xf0 ./Core/Src/stm32f4xx_it.o
 .debug_frame   0x0000000000000478       0x30 ./Core/Src/system_stm32f4xx.o
 .debug_frame   0x00000000000004a8       0x5c ./Core/Src/uart.o
 .debug_frame   0x0000000000000504      0x1f4 ./Drivers/STM32F4xx_HAL_Driver/Src/stm32f4xx_hal.o
 .debug_frame   0x00000000000006f8      0x164 ./Drivers/STM32F4xx_HAL_Driver/Src/stm32f4xx_hal_cortex.o
 .debug_frame   0x000000000000085c      0x19c ./Drivers/STM32F4xx_HAL_Driver/Src/stm32f4xx_hal_dma.o
 .debug_frame   0x00000000000009f8       0xd8 ./Drivers/STM32F4xx_HAL_Driver/Src/stm32f4xx_hal_gpio.o
 .debug_frame   0x0000000000000ad0      0x8cc ./Drivers/STM32F4xx_HAL_Driver/Src/stm32f4xx_hal_i2c.o
 .debug_frame   0x000000000000139c      0x18c ./Drivers/STM32F4xx_HAL_Driver/Src/stm32f4xx_hal_rcc.o
 .debug_frame   0x0000000000001528      0xac4 ./Drivers/STM32F4xx_HAL_Driver/Src/stm32f4xx_hal_tim.o
 .debug_frame   0x0000000000001fec      0x3d4 ./Drivers/STM32F4xx_HAL_Driver/Src/stm32f4xx_hal_tim_ex.o
 .debug_frame   0x00000000000023c0      0x5fc ./Drivers/STM32F4xx_HAL_Driver/Src/stm32f4xx_hal_uart.o
 .debug_frame   0x00000000000029bc       0x54 ./Drivers/STM32F4xx_HAL_Driver/Src/stm32f4xx_ll_gpio.o
 .debug_frame   0x0000000000002a10       0xd0 ./Drivers/STM32F4xx_HAL_Driver/Src/stm32f4xx_ll_spi.o
 .debug_frame   0x0000000000002ae0       0x2c c:/st/stm32cubeide_1.12.1/stm32cubeide/plugins/com.st.stm32cube.ide.mcu.externaltools.gnu-tools-for-stm32.10.3-2021.10.win32_1.0.200.202301161003/tools/bin/../lib/gcc/arm-none-eabi/10.3.1/../../../../arm-none-eabi/lib/thumb/v7e-m+fp/hard\libc_nano.a(lib_a-init.o)
 .debug_frame   0x0000000000002b0c       0x28 c:/st/stm32cubeide_1.12.1/stm32cubeide/plugins/com.st.stm32cube.ide.mcu.externaltools.gnu-tools-for-stm32.10.3-2021.10.win32_1.0.200.202301161003/tools/bin/../lib/gcc/arm-none-eabi/10.3.1/../../../../arm-none-eabi/lib/thumb/v7e-m+fp/hard\libc_nano.a(lib_a-memcpy-stub.o)
 .debug_frame   0x0000000000002b34       0x20 c:/st/stm32cubeide_1.12.1/stm32cubeide/plugins/com.st.stm32cube.ide.mcu.externaltools.gnu-tools-for-stm32.10.3-2021.10.win32_1.0.200.202301161003/tools/bin/../lib/gcc/arm-none-eabi/10.3.1/../../../../arm-none-eabi/lib/thumb/v7e-m+fp/hard\libc_nano.a(lib_a-memset.o)
 .debug_frame   0x0000000000002b54       0x2c c:/st/stm32cubeide_1.12.1/stm32cubeide/plugins/com.st.stm32cube.ide.mcu.externaltools.gnu-tools-for-stm32.10.3-2021.10.win32_1.0.200.202301161003/tools/bin/../lib/gcc/arm-none-eabi/10.3.1/thumb/v7e-m+fp/hard\libgcc.a(_aeabi_uldivmod.o)
 .debug_frame   0x0000000000002b80       0x34 c:/st/stm32cubeide_1.12.1/stm32cubeide/plugins/com.st.stm32cube.ide.mcu.externaltools.gnu-tools-for-stm32.10.3-2021.10.win32_1.0.200.202301161003/tools/bin/../lib/gcc/arm-none-eabi/10.3.1/thumb/v7e-m+fp/hard\libgcc.a(_udivmoddi4.o)
