../nanopb/pb_decode.c:68:25:buf_read	8	static
../nanopb/pb_decode.c:81:18:pb_read.part.0	32	static
../nanopb/pb_decode.c:81:18:pb_read	0	static
../nanopb/pb_decode.c:142:14:pb_istream_from_buffer	4	static
../nanopb/pb_decode.c:171:18:pb_decode_varint32	32	static
../nanopb/pb_decode.c:230:18:pb_decode_varint	40	static
../nanopb/pb_decode.c:278:18:pb_decode_tag	32	static
../nanopb/pb_decode.c:318:18:pb_skip_field	16	static
../nanopb/pb_decode.c:383:18:pb_make_string_substream	24	static
../nanopb/pb_decode.c:417:25:decode_basic_field	40	static
../nanopb/pb_decode.c:835:25:decode_field	88	static
../nanopb/pb_decode.c:988:13:pb_message_set_to_defaults	80	static
../nanopb/pb_decode.c:1027:25:pb_decode_inner	152	static
../nanopb/pb_decode.c:398:18:pb_close_string_substream	16	static
../nanopb/pb_decode.c:1198:18:pb_decode_ex	40	static
../nanopb/pb_decode.c:1226:18:pb_decode	0	static
../nanopb/pb_decode.c:1371:6:pb_release	0	static
../nanopb/pb_decode.c:1381:6:pb_decode_bool	16	static
../nanopb/pb_decode.c:1391:6:pb_decode_svarint	16	static
../nanopb/pb_decode.c:1405:6:pb_decode_fixed32	16	static
../nanopb/pb_decode.c:1428:6:pb_decode_fixed64	16	static
